Archive member included to satisfy reference by file (symbol)

libopencm3/lib\libopencm3_stm32f1.a(adc.o)
                              obj/anain.o (adc_power_on)
libopencm3/lib\libopencm3_stm32f1.a(adc_common_v1.o)
                              obj/anain.o (adc_power_off)
libopencm3/lib\libopencm3_stm32f1.a(can.o)
                              obj/stm32_can.o (can_reset)
libopencm3/lib\libopencm3_stm32f1.a(crc_common_all.o)
                              obj/hwinit.o (crc_reset)
libopencm3/lib\libopencm3_stm32f1.a(desig_common_v1.o)
                              obj/hwinit.o (desig_get_flash_size)
libopencm3/lib\libopencm3_stm32f1.a(dma_common_l1f013.o)
                              obj/terminal.o (dma_channel_reset)
libopencm3/lib\libopencm3_stm32f1.a(flash.o)
                              obj/hwinit.o (flash_erase_page)
libopencm3/lib\libopencm3_stm32f1.a(flash_common_all.o)
                              obj/canmap.o (flash_set_ws)
libopencm3/lib\libopencm3_stm32f1.a(flash_common_f.o)
                              obj/hwinit.o (flash_unlock)
libopencm3/lib\libopencm3_stm32f1.a(flash_common_f01.o)
                              libopencm3/lib\libopencm3_stm32f1.a(flash.o) (flash_clear_pgerr_flag)
libopencm3/lib\libopencm3_stm32f1.a(gpio.o)
                              obj/hwinit.o (gpio_set_mode)
libopencm3/lib\libopencm3_stm32f1.a(gpio_common_all.o)
                              obj/main.o (gpio_set)
libopencm3/lib\libopencm3_stm32f1.a(iwdg_common_all.o)
                              obj/main.o (iwdg_reset)
libopencm3/lib\libopencm3_stm32f1.a(rcc.o)
                              obj/stm32scheduler.o (rcc_apb2_frequency)
libopencm3/lib\libopencm3_stm32f1.a(rcc_common_all.o)
                              obj/hwinit.o (rcc_periph_clock_enable)
libopencm3/lib\libopencm3_stm32f1.a(rtc.o)
                              obj/main.o (rtc_get_counter_val)
libopencm3/lib\libopencm3_stm32f1.a(spi_common_all.o)
                              obj/hwinit.o (spi_enable)
libopencm3/lib\libopencm3_stm32f1.a(spi_common_v1.o)
                              obj/hwinit.o (spi_init_master)
libopencm3/lib\libopencm3_stm32f1.a(timer_common_all.o)
                              obj/stm32scheduler.o (timer_enable_irq)
libopencm3/lib\libopencm3_stm32f1.a(usart_common_all.o)
                              obj/terminal.o (usart_set_baudrate)
libopencm3/lib\libopencm3_stm32f1.a(usart_common_f124.o)
                              libopencm3/lib\libopencm3_stm32f1.a(usart_common_all.o) (usart_send)
libopencm3/lib\libopencm3_stm32f1.a(vector.o)
                              (reset_handler)
libopencm3/lib\libopencm3_stm32f1.a(scb.o)
                              obj/terminalcommands.o (scb_reset_system)
libopencm3/lib\libopencm3_stm32f1.a(nvic.o)
                              obj/hwinit.o (nvic_enable_irq)
libopencm3/lib\libopencm3_stm32f1.a(assert.o)
                              libopencm3/lib\libopencm3_stm32f1.a(rcc.o) (cm3_assert_failed)
libopencm3/lib\libopencm3_stm32f1.a(pwr_common_v1.o)
                              libopencm3/lib\libopencm3_stm32f1.a(rtc.o) (pwr_disable_backup_domain_write_protect)
C:/msys64/mingw64/bin/../lib/gcc/arm-none-eabi/13.3.0/thumb/v7/nofp\libgcc.a(_arm_mulsf3.o)
                              obj/params.o (__aeabi_fmul)
C:/msys64/mingw64/bin/../lib/gcc/arm-none-eabi/13.3.0/thumb/v7/nofp\libgcc.a(_arm_addsubsf3.o)
                              obj/canmap.o (__aeabi_fadd)
C:/msys64/mingw64/bin/../lib/gcc/arm-none-eabi/13.3.0/thumb/v7/nofp\libgcc.a(_arm_muldivsf3.o)
                              obj/main.o (__aeabi_fdiv)
C:/msys64/mingw64/bin/../lib/gcc/arm-none-eabi/13.3.0/thumb/v7/nofp\libgcc.a(_arm_cmpsf2.o)
                              obj/main.o (__aeabi_fcmplt)
C:/msys64/mingw64/bin/../lib/gcc/arm-none-eabi/13.3.0/thumb/v7/nofp\libgcc.a(_arm_fixsfsi.o)
                              obj/params.o (__aeabi_f2iz)

Discarded input sections

 .group         0x00000000        0x8 obj/main.o
 .group         0x00000000        0x8 obj/main.o
 .group         0x00000000        0xc obj/main.o
 .group         0x00000000        0xc obj/main.o
 .group         0x00000000        0xc obj/main.o
 .group         0x00000000        0xc obj/main.o
 .group         0x00000000        0xc obj/main.o
 .group         0x00000000        0xc obj/main.o
 .group         0x00000000        0xc obj/main.o
 .group         0x00000000        0xc obj/main.o
 .group         0x00000000        0xc obj/main.o
 .group         0x00000000        0xc obj/main.o
 .group         0x00000000        0xc obj/main.o
 .group         0x00000000        0xc obj/main.o
 .group         0x00000000        0xc obj/main.o
 .group         0x00000000        0xc obj/main.o
 .group         0x00000000        0xc obj/main.o
 .group         0x00000000        0xc obj/main.o
 .group         0x00000000        0xc obj/main.o
 .group         0x00000000        0xc obj/main.o
 .group         0x00000000        0xc obj/main.o
 .group         0x00000000        0xc obj/main.o
[...]
Memory Configuration

Name             Origin             Length             Attributes
rom              0x08001000         0x0001e000         xr
ram              0x20000000         0x00005000         xrw
*default*        0x00000000         0xffffffff

Linker script and memory map

LOAD obj/main.o
LOAD obj/hwinit.o
LOAD obj/stm32scheduler.o
LOAD obj/params.o
LOAD obj/terminal.o
LOAD obj/terminal_prj.o
LOAD obj/my_string.o
LOAD obj/digio.o
LOAD obj/my_fp.o
LOAD obj/printf.o
LOAD obj/anain.o
LOAD obj/param_save.o
LOAD obj/errormessage.o
LOAD obj/stm32_can.o
LOAD obj/canhardware.o
LOAD obj/canmap.o
LOAD obj/picontroller.o
LOAD obj/terminalcommands.o
LOAD obj/digipot.o
LOAD obj/cansdo.o
LOAD libopencm3/lib\libopencm3_stm32f1.a
START GROUP
LOAD C:/msys64/mingw64/bin/../lib/gcc/arm-none-eabi/13.3.0/thumb/v7/nofp\libgcc.a
LOAD C:/msys64/mingw64/bin/../lib/gcc/arm-none-eabi/13.3.0/../../../../arm-none-eabi/lib/thumb/v7/nofp\libc.a
END GROUP

.text           0x08001000     0x615c
 *(.vectors)
 .vectors       0x08001000      0x150 libopencm3/lib\libopencm3_stm32f1.a(vector.o)
                0x08001000                vector_table
 *(.text*)
 .text._ZN23FunctionPointerCallback8HandleRxEmPmh
                0x08001150       0x10 obj/main.o
                0x08001150                FunctionPointerCallback::HandleRx(unsigned long, unsigned long*, unsigned char)
 .text._ZN23FunctionPointerCallback11HandleClearEv
                0x08001160        0x8 obj/main.o
                0x08001160                FunctionPointerCallback::HandleClear()
 .text._ZL13SetCanFiltersv
                0x08001168       0x48 obj/main.o
 .text._ZL9Ms200Taskv
                0x080011b0       0x38 obj/main.o
 .text.__cxa_pure_virtual
                0x080011e8        0x2 obj/main.o
                0x080011e8                __cxa_pure_virtual
 *fill*         0x080011ea        0x2 
 .text.UpdateSOC
                0x080011ec       0x44 obj/main.o
                0x080011ec                UpdateSOC
 .text._ZL9Ms100Taskv
                0x08001230      0x210 obj/main.o
 .text.CH1Low1Hz
                0x08001440       0x50 obj/main.o
                0x08001440                CH1Low1Hz
 .text.CH1Low2Hz
                0x08001490       0x58 obj/main.o
                0x08001490                CH1Low2Hz
 .text.CH1Low10Hz
                0x080014e8       0x60 obj/main.o
                0x080014e8                CH1Low10Hz
 .text._ZL8Ms10Taskv
                0x08001548       0x7c obj/main.o
 .text._Z9DecodeCANiPm
                0x080015c4       0x44 obj/main.o
                0x080015c4                DecodeCAN(int, unsigned long*)
 .text._ZL11CanCallbackmPmh
                0x08001608       0x1c obj/main.o
 .text._ZN5Param6ChangeENS_9PARAM_NUME
                0x08001624       0x3c obj/main.o
                0x08001624                Param::Change(Param::PARAM_NUM)
 .text.tim2_isr
                0x08001660       0x10 obj/main.o
                0x08001660                tim2_isr
 .text.main     0x08001670      0x1f0 obj/main.o
                0x08001670                main
 .text.LoadValues
                0x08001860       0xc0 obj/hwinit.o
                0x08001860                LoadValues
 .text.clock_setup
                0x08001920       0x8c obj/hwinit.o
                0x08001920                clock_setup
 .text.write_bootloader_pininit
                0x080019ac       0x90 obj/hwinit.o
                0x080019ac                write_bootloader_pininit
 .text.nvic_setup
                0x08001a3c       0x12 obj/hwinit.o
                0x08001a3c                nvic_setup
 .text.rtc_setup
                0x08001a4e       0x14 obj/hwinit.o
                0x08001a4e                rtc_setup
 *fill*         0x08001a62        0x2 
 .text.spi1_setup
                0x08001a64       0x4c obj/hwinit.o
                0x08001a64                spi1_setup
 .text.tim4_setup
                0x08001ab0       0xb0 obj/hwinit.o
                0x08001ab0                tim4_setup
 .text._ZN14Stm32SchedulerC2Em
                0x08001b60       0x44 obj/stm32scheduler.o
                0x08001b60                Stm32Scheduler::Stm32Scheduler(unsigned long)
                0x08001b60                Stm32Scheduler::Stm32Scheduler(unsigned long)
 .text._ZN14Stm32Scheduler7AddTaskEPFvvEt
                0x08001ba4       0x6c obj/stm32scheduler.o
                0x08001ba4                Stm32Scheduler::AddTask(void (*)(), unsigned short)
 .text._ZN14Stm32Scheduler3RunEv
                0x08001c10       0x70 obj/stm32scheduler.o
                0x08001c10                Stm32Scheduler::Run()
 .text._ZN14Stm32Scheduler10GetCpuLoadEv
                0x08001c80       0x30 obj/stm32scheduler.o
                0x08001c80                Stm32Scheduler::GetCpuLoad()
 .text._ZN5Param3SetENS_9PARAM_NUMEl
                0x08001cb0       0x3c obj/params.o
                0x08001cb0                Param::Set(Param::PARAM_NUM, long)
 .text._ZN5Param3GetENS_9PARAM_NUME
                0x08001cec        0xc obj/params.o
                0x08001cec                Param::Get(Param::PARAM_NUM)
 .text._ZN5Param6GetIntENS_9PARAM_NUME
                0x08001cf8       0x10 obj/params.o
                0x08001cf8                Param::GetInt(Param::PARAM_NUM)
 .text._ZN5Param8GetFloatENS_9PARAM_NUME
                0x08001d08       0x1c obj/params.o
                0x08001d08                Param::GetFloat(Param::PARAM_NUM)
 .text._ZN5Param6SetIntENS_9PARAM_NUMEi
                0x08001d24       0x10 obj/params.o
                0x08001d24                Param::SetInt(Param::PARAM_NUM, int)
 .text._ZN5Param8SetFixedENS_9PARAM_NUMEl
                0x08001d34        0xc obj/params.o
                0x08001d34                Param::SetFixed(Param::PARAM_NUM, long)
 .text._ZN5Param8SetFloatENS_9PARAM_NUMEf
                0x08001d40       0x20 obj/params.o
                0x08001d40                Param::SetFloat(Param::PARAM_NUM, float)
 .text._ZN5Param13NumFromStringEPKc
                0x08001d60       0x28 obj/params.o
                0x08001d60                Param::NumFromString(char const*)
 .text._ZN5Param9NumFromIdEm
                0x08001d88       0x20 obj/params.o
                0x08001d88                Param::NumFromId(unsigned long)
 .text._ZN5Param9GetAttribENS_9PARAM_NUME
                0x08001da8       0x10 obj/params.o
                0x08001da8                Param::GetAttrib(Param::PARAM_NUM)
 .text._ZN5Param12LoadDefaultsEv
                0x08001db8       0x28 obj/params.o
                0x08001db8                Param::LoadDefaults()
 .text._ZN5Param11SetFlagsRawENS_9PARAM_NUMEh
                0x08001de0        0xc obj/params.o
                0x08001de0                Param::SetFlagsRaw(Param::PARAM_NUM, unsigned char)
 .text._ZN5Param7SetFlagENS_9PARAM_NUMENS_10PARAM_FLAGE
                0x08001dec       0x10 obj/params.o
                0x08001dec                Param::SetFlag(Param::PARAM_NUM, Param::PARAM_FLAG)
 .text._ZN5Param9ClearFlagENS_9PARAM_NUMENS_10PARAM_FLAGE
                0x08001dfc       0x10 obj/params.o
                0x08001dfc                Param::ClearFlag(Param::PARAM_NUM, Param::PARAM_FLAG)
 .text._ZN5Param7GetFlagENS_9PARAM_NUME
                0x08001e0c        0xc obj/params.o
                0x08001e0c                Param::GetFlag(Param::PARAM_NUM)
 .text._ZN5Param7GetTypeENS_9PARAM_NUME
                0x08001e18       0x14 obj/params.o
                0x08001e18                Param::GetType(Param::PARAM_NUM)
 .text._ZN5Param8GetIdSumEv
                0x08001e2c        0x6 obj/params.o
                0x08001e2c                Param::GetIdSum()
 .text._ZN8Terminal10KeyPressedEv
                0x08001e32        0xc obj/terminal.o
                0x08001e32                Terminal::KeyPressed()
 .text._ZN8Terminal10FlushInputEv
                0x08001e3e        0xa obj/terminal.o
                0x08001e3e                Terminal::FlushInput()
 .text._ZN8Terminal8ResetDMAEv
                0x08001e48       0x34 obj/terminal.o
                0x08001e48                Terminal::ResetDMA()
 .text._ZN8TerminalC2EmPK8TERM_CMDbb
                0x08001e7c      0x15c obj/terminal.o
                0x08001e7c                Terminal::Terminal(unsigned long, TERM_CMD const*, bool, bool)
                0x08001e7c                Terminal::Terminal(unsigned long, TERM_CMD const*, bool, bool)
 .text._ZN8Terminal9CmdLookupEPc
                0x08001fd8       0x2a obj/terminal.o
                0x08001fd8                Terminal::CmdLookup(char*)
 .text._ZN8Terminal17SendCurrentBufferEm
                0x08002002       0x82 obj/terminal.o
                0x08002002                Terminal::SendCurrentBuffer(unsigned long)
 .text._ZN8Terminal7PutCharEc
                0x08002084       0x4c obj/terminal.o
                0x08002084                Terminal::PutChar(char)
 .text._ZN8Terminal10SendBinaryEPKhm
                0x080020d0       0x32 obj/terminal.o
                0x080020d0                Terminal::SendBinary(unsigned char const*, unsigned long)
 .text._ZN8Terminal4SendEPKc
                0x08002102       0x18 obj/terminal.o
                0x08002102                Terminal::Send(char const*)
 *fill*         0x0800211a        0x2 
 .text._ZN8Terminal10EnableUartEPc
                0x0800211c       0x70 obj/terminal.o
                0x0800211c                Terminal::EnableUart(char*)
 .text._ZN8Terminal8FastUartEPc
                0x0800218c       0x78 obj/terminal.o
                0x0800218c                Terminal::FastUart(char*)
 .text._ZN8Terminal4EchoEPc
                0x08002204       0x3c obj/terminal.o
                0x08002204                Terminal::Echo(char*)
 .text._ZN8Terminal3RunEv
                0x08002240      0x17c obj/terminal.o
                0x08002240                Terminal::Run()
 .text.putchar  0x080023bc       0x18 obj/terminal.o
                0x080023bc                putchar
 .text._ZL4HelpP8TerminalPc
                0x080023d4        0x2 obj/terminal_prj.o
 .text._ZL11PrintErrorsP8TerminalPc
                0x080023d6        0x8 obj/terminal_prj.o
 *fill*         0x080023de        0x2 
 .text._ZL11PrintSerialP8TerminalPc
                0x080023e0       0x28 obj/terminal_prj.o
 .text._ZL12LoadDefaultsP8TerminalPc
                0x08002408       0x18 obj/terminal_prj.o
 .text._ZN16TerminalCommands15PrintParamsJsonEP8TerminalPc
                0x08002420        0x8 obj/terminal_prj.o
                0x08002420                TerminalCommands::PrintParamsJson(Terminal*, char*)
 .text.my_strcmp
                0x08002428       0x1c obj/my_string.o
                0x08002428                my_strcmp
 .text.my_strcpy
                0x08002444       0x12 obj/my_string.o
                0x08002444                my_strcpy
 .text.my_strlen
                0x08002456        0xe obj/my_string.o
                0x08002456                my_strlen
 .text.my_strchr
                0x08002464       0x10 obj/my_string.o
                0x08002464                my_strchr
 .text.my_ltoa  0x08002474       0x56 obj/my_string.o
                0x08002474                my_ltoa
 .text.my_atoi  0x080024ca       0x30 obj/my_string.o
                0x080024ca                my_atoi
 *fill*         0x080024fa        0x2 
 .text.my_trim  0x080024fc       0x54 obj/my_string.o
                0x080024fc                my_trim
 .text.memcpy32
                0x08002550       0x16 obj/my_string.o
                0x08002550                memcpy32
 .text.memset32
                0x08002566        0xc obj/my_string.o
                0x08002566                memset32
 .text._ZN5DigIo9ConfigureEmtN7PinMode7PinModeE
                0x08002572       0xa6 obj/digio.o
                0x08002572                DigIo::Configure(unsigned long, unsigned short, PinMode::PinMode)
 .text.fp_itoa  0x08002618       0x5a obj/my_fp.o
                0x08002618                fp_itoa
 .text.fp_atoi  0x08002672       0x62 obj/my_fp.o
                0x08002672                fp_atoi
 .text._ZL6printsP8IPutCharPKcii
                0x080026d4       0x86 obj/printf.o
 .text._ZL6printiP8IPutChariiiiii
                0x0800275a       0xae obj/printf.o
 .text._ZN13ExternPutChar7PutCharEc
                0x08002808        0xa obj/printf.o
                0x08002808                ExternPutChar::PutChar(char)
 .text._ZL7printfpP8IPutChariii
                0x08002812       0x20 obj/printf.o
 *fill*         0x08002832        0x2 
 .text._ZL5printP8IPutCharPKcSt9__va_list
                0x08002834      0x16c obj/printf.o
 .text._Z6printfPKcz
                0x080029a0       0x28 obj/printf.o
                0x080029a0                printf(char const*, ...)
 .text._Z7fprintfP8IPutCharPKcz
                0x080029c8       0x1c obj/printf.o
                0x080029c8                fprintf(IPutChar*, char const*, ...)
 .text._Z41__static_initialization_and_destruction_0v
                0x080029e4       0x24 obj/anain.o
 .text._ZN5AnaIn5StartEv
                0x08002a08       0xe8 obj/anain.o
                0x08002a08                AnaIn::Start()
 .text._ZN5AnaIn7median3Eiii
                0x08002af0       0x24 obj/anain.o
                0x08002af0                AnaIn::median3(int, int, int)
 .text._ZN5AnaIn3GetEv
                0x08002b14       0x44 obj/anain.o
                0x08002b14                AnaIn::Get()
 .text._ZN5AnaIn13AdcChFromPortEmi
                0x08002b58       0x44 obj/anain.o
                0x08002b58                AnaIn::AdcChFromPort(unsigned long, int)
 .text._ZN5AnaIn9ConfigureEmh
                0x08002b9c       0x38 obj/anain.o
                0x08002b9c                AnaIn::Configure(unsigned long, unsigned char)
 .text._GLOBAL__sub_I__ZN5AnaIn13channel_arrayE
                0x08002bd4        0x8 obj/anain.o
 .text._ZL15GetFlashAddressv
                0x08002bdc       0x12 obj/param_save.o
 .text.parm_save
                0x08002bee       0xb6 obj/param_save.o
                0x08002bee                parm_save
 .text.parm_load
                0x08002ca4       0x5c obj/param_save.o
                0x08002ca4                parm_load
 .text._ZN12ErrorMessage7SetTimeEm
                0x08002d00        0xc obj/errormessage.o
                0x08002d00                ErrorMessage::SetTime(unsigned long)
 .text._ZN12ErrorMessage10PrintErrorEm17ERROR_MESSAGE_NUM
                0x08002d0c       0x2c obj/errormessage.o
                0x08002d0c                ErrorMessage::PrintError(unsigned long, ERROR_MESSAGE_NUM)
 .text._ZN12ErrorMessage14PrintAllErrorsEv
                0x08002d38       0x3c obj/errormessage.o
                0x08002d38                ErrorMessage::PrintAllErrors()
 .text._ZN8Stm32Can11SetBaudrateEN11CanHardware9baudratesE
                0x08002d74       0x48 obj/stm32_can.o
                0x08002d74                Stm32Can::SetBaudrate(CanHardware::baudrates)
 .text._ZN8Stm32Can4SendEmPmh
                0x08002dbc       0x78 obj/stm32_can.o
                0x08002dbc                Stm32Can::Send(unsigned long, unsigned long*, unsigned char)
 .text._ZN8Stm32Can12GetInterfaceEi
                0x08002e34       0x14 obj/stm32_can.o
                0x08002e34                Stm32Can::GetInterface(int)
 .text._ZN8Stm32Can13HandleMessageEi
                0x08002e48       0x54 obj/stm32_can.o
                0x08002e48                Stm32Can::HandleMessage(int)
 .text._ZN8Stm32Can8HandleTxEv
                0x08002e9c       0x64 obj/stm32_can.o
                0x08002e9c                Stm32Can::HandleTx()
 .text._ZN8Stm32Can13SetFilterBankERiS0_Pt
                0x08002f00       0x56 obj/stm32_can.o
                0x08002f00                Stm32Can::SetFilterBank(int&, int&, unsigned short*)
 .text._ZN8Stm32Can17SetFilterBankMaskERiS0_Pt
                0x08002f56       0x5a obj/stm32_can.o
                0x08002f56                Stm32Can::SetFilterBankMask(int&, int&, unsigned short*)
 .text._ZN8Stm32Can15SetFilterBank29ERiS0_Pm
                0x08002fb0       0x38 obj/stm32_can.o
                0x08002fb0                Stm32Can::SetFilterBank29(int&, int&, unsigned long*)
 .text._ZN8Stm32Can16ConfigureFiltersEv
                0x08002fe8      0x134 obj/stm32_can.o
                0x08002fe8                Stm32Can::ConfigureFilters()
 .text._ZN8Stm32CanC2EmN11CanHardware9baudratesEb
                0x0800311c      0x174 obj/stm32_can.o
                0x0800311c                Stm32Can::Stm32Can(unsigned long, CanHardware::baudrates, bool)
                0x0800311c                Stm32Can::Stm32Can(unsigned long, CanHardware::baudrates, bool)
 .text.usb_lp_can_rx0_isr
                0x08003290       0x10 obj/stm32_can.o
                0x08003290                usb_lp_can_rx0_isr
 .text.can_rx1_isr
                0x080032a0       0x10 obj/stm32_can.o
                0x080032a0                can_rx1_isr
 .text.usb_hp_can_tx_isr
                0x080032b0        0xe obj/stm32_can.o
                0x080032b0                usb_hp_can_tx_isr
 .text.can2_rx0_isr
                0x080032be       0x10 obj/stm32_can.o
                0x080032be                can2_rx0_isr
 .text.can2_rx1_isr
                0x080032ce       0x10 obj/stm32_can.o
                0x080032ce                can2_rx1_isr
 .text.can2_tx_isr
                0x080032de        0xe obj/stm32_can.o
                0x080032de                can2_tx_isr
 .text._ZN12NullCallback8HandleRxEmPmh
                0x080032ec        0x2 obj/canhardware.o
                0x080032ec                NullCallback::HandleRx(unsigned long, unsigned long*, unsigned char)
 .text._ZN12NullCallback11HandleClearEv
                0x080032ee        0x2 obj/canhardware.o
                0x080032ee                NullCallback::HandleClear()
 .text._ZN11CanHardwareC2Ev
                0x080032f0       0x2c obj/canhardware.o
                0x080032f0                CanHardware::CanHardware()
                0x080032f0                CanHardware::CanHardware()
 .text._ZN11CanHardware11AddCallbackEP11CanCallback
                0x0800331c       0x1e obj/canhardware.o
                0x0800331c                CanHardware::AddCallback(CanCallback*)
 .text._ZN11CanHardware19RegisterUserMessageEmm
                0x0800333a       0x46 obj/canhardware.o
                0x0800333a                CanHardware::RegisterUserMessage(unsigned long, unsigned long)
 .text._ZN11CanHardware17ClearUserMessagesEv
                0x08003380       0x2c obj/canhardware.o
                0x08003380                CanHardware::ClearUserMessages()
 .text._ZN11CanHardware8HandleRxEmPmh
                0x080033ac       0x32 obj/canhardware.o
                0x080033ac                CanHardware::HandleRx(unsigned long, unsigned long*, unsigned char)
 .text._ZN6CanMap11HandleClearEv
                0x080033de       0x32 obj/canmap.o
                0x080033de                CanMap::HandleClear()
 .text._ZN6CanMap7SendAllEv
                0x08003410      0x148 obj/canmap.o
                0x08003410                CanMap::SendAll()
 .text._ZN6CanMap6RemoveEbhh
                0x08003558       0xa4 obj/canmap.o
                0x08003558                CanMap::Remove(bool, unsigned char, unsigned char)
 .text._ZN6CanMap6RemoveEN5Param9PARAM_NUME
                0x080035fc       0x80 obj/canmap.o
                0x080035fc                CanMap::Remove(Param::PARAM_NUM)
 .text._ZN6CanMap7FindMapEN5Param9PARAM_NUMERmRhRaRfS4_Rb
                0x0800367c       0x9a obj/canmap.o
                0x0800367c                CanMap::FindMap(Param::PARAM_NUM, unsigned long&, unsigned char&, signed char&, float&, signed char&, bool&)
 .text._ZN6CanMap6GetMapEbhhRm
                0x08003716       0x6c obj/canmap.o
                0x08003716                CanMap::GetMap(bool, unsigned char, unsigned char, unsigned long&)
 .text._ZN6CanMap13IterateCanMapEPFvN5Param9PARAM_NUMEmhafabE
                0x08003782       0x7a obj/canmap.o
                0x08003782                CanMap::IterateCanMap(void (*)(Param::PARAM_NUM, unsigned long, unsigned char, signed char, float, signed char, bool))
 .text._ZN6CanMap8ClearMapEPNS_8CANIDMAPE
                0x080037fc       0x30 obj/canmap.o
                0x080037fc                CanMap::ClearMap(CanMap::CANIDMAP*)
 .text._ZN6CanMap5ClearEv
                0x0800382c       0x1e obj/canmap.o
                0x0800382c                CanMap::Clear()
 .text._ZN6CanMap11SaveToFlashEmPmi
                0x0800384a       0x30 obj/canmap.o
                0x0800384a                CanMap::SaveToFlash(unsigned long, unsigned long*, int)
 .text._ZN6CanMap8FindByIdEPNS_8CANIDMAPEm
                0x0800387a       0x26 obj/canmap.o
                0x0800387a                CanMap::FindById(CanMap::CANIDMAP*, unsigned long)
 .text._ZN6CanMap8HandleRxEmPmh
                0x080038a0      0x134 obj/canmap.o
                0x080038a0                CanMap::HandleRx(unsigned long, unsigned long*, unsigned char)
 .text._ZN6CanMap3AddEPNS_8CANIDMAPEN5Param9PARAM_NUMEmhafa
                0x080039d4      0x128 obj/canmap.o
                0x080039d4                CanMap::Add(CanMap::CANIDMAP*, Param::PARAM_NUM, unsigned long, unsigned char, signed char, float, signed char)
 .text._ZN6CanMap7AddSendEN5Param9PARAM_NUMEmhafa
                0x08003afc       0x32 obj/canmap.o
                0x08003afc                CanMap::AddSend(Param::PARAM_NUM, unsigned long, unsigned char, signed char, float, signed char)
 .text._ZN6CanMap7AddRecvEN5Param9PARAM_NUMEmhafa
                0x08003b2e       0x50 obj/canmap.o
                0x08003b2e                CanMap::AddRecv(Param::PARAM_NUM, unsigned long, unsigned char, signed char, float, signed char)
 .text._ZZN6CanMap19LegacyLoadFromFlashEvENKUlPZNS_19LegacyLoadFromFlashEvE15LEGACY_CANIDMAPPNS_8CANIDMAPEbE_clES1_S3_b
                0x08003b7e       0x9e obj/canmap.o
 .text._ZN6CanMap15GetFlashAddressEv
                0x08003c1c       0x12 obj/canmap.o
                0x08003c1c                CanMap::GetFlashAddress()
 .text._ZN6CanMap19LegacyLoadFromFlashEv
                0x08003c2e       0x4a obj/canmap.o
                0x08003c2e                CanMap::LegacyLoadFromFlash()
 .text._ZN6CanMap21ReplaceParamEnumByUidEPNS_8CANIDMAPE
                0x08003c78       0x42 obj/canmap.o
                0x08003c78                CanMap::ReplaceParamEnumByUid(CanMap::CANIDMAP*)
 .text._ZN6CanMap21ReplaceParamUidByEnumEPNS_8CANIDMAPE
                0x08003cba       0x40 obj/canmap.o
                0x08003cba                CanMap::ReplaceParamUidByEnum(CanMap::CANIDMAP*)
 *fill*         0x08003cfa        0x2 
 .text._ZN6CanMap4SaveEv
                0x08003cfc       0xbc obj/canmap.o
                0x08003cfc                CanMap::Save()
 .text._ZN6CanMap13LoadFromFlashEv
                0x08003db8       0x66 obj/canmap.o
                0x08003db8                CanMap::LoadFromFlash()
 *fill*         0x08003e1e        0x2 
 .text._ZN6CanMapC2EP11CanHardwareb
                0x08003e20       0x48 obj/canmap.o
                0x08003e20                CanMap::CanMap(CanHardware*, bool)
                0x08003e20                CanMap::CanMap(CanHardware*, bool)
 .text._ZN16TerminalCommands11PrintCanMapEN5Param9PARAM_NUMEmhafab
                0x08003e68       0x80 obj/terminalcommands.o
                0x08003e68                TerminalCommands::PrintCanMap(Param::PARAM_NUM, unsigned long, unsigned char, signed char, float, signed char, bool)
 .text._ZN16TerminalCommands8ParamSetEP8TerminalPc
                0x08003ee8       0x70 obj/terminalcommands.o
                0x08003ee8                TerminalCommands::ParamSet(Terminal*, char*)
 .text._ZN16TerminalCommands8ParamGetEP8TerminalPc
                0x08003f58       0x58 obj/terminalcommands.o
                0x08003f58                TerminalCommands::ParamGet(Terminal*, char*)
 .text._ZN16TerminalCommands9ParamFlagEP8TerminalPc
                0x08003fb0       0xa4 obj/terminalcommands.o
                0x08003fb0                TerminalCommands::ParamFlag(Terminal*, char*)
 .text._ZN16TerminalCommands15PrintParamsJsonEP8IPutCharPc
                0x08004054      0x158 obj/terminalcommands.o
                0x08004054                TerminalCommands::PrintParamsJson(IPutChar*, char*)
 .text._ZN16TerminalCommands6MapCanEP8TerminalPc
                0x080041ac      0x21c obj/terminalcommands.o
                0x080041ac                TerminalCommands::MapCan(Terminal*, char*)
 .text._ZN16TerminalCommands14SaveParametersEP8TerminalPc
                0x080043c8       0x4c obj/terminalcommands.o
                0x080043c8                TerminalCommands::SaveParameters(Terminal*, char*)
 .text._ZN16TerminalCommands14LoadParametersEP8TerminalPc
                0x08004414       0x30 obj/terminalcommands.o
                0x08004414                TerminalCommands::LoadParameters(Terminal*, char*)
 .text._ZN16TerminalCommands5ResetEP8TerminalPc
                0x08004444        0x6 obj/terminalcommands.o
                0x08004444                TerminalCommands::Reset(Terminal*, char*)
 .text._ZN16TerminalCommands19ParamNamesToIndexesEPcPN5Param9PARAM_NUMEm
                0x0800444a       0x48 obj/terminalcommands.o
                0x0800444a                TerminalCommands::ParamNamesToIndexes(char*, Param::PARAM_NUM*, unsigned long)
 *fill*         0x08004492        0x2 
 .text._ZN16TerminalCommands11ParamStreamEP8TerminalPc
                0x08004494       0xb0 obj/terminalcommands.o
                0x08004494                TerminalCommands::ParamStream(Terminal*, char*)
 .text._ZN7DigiPot11SetPot1StepEv
                0x08004544       0x5c obj/digipot.o
                0x08004544                DigiPot::SetPot1Step()
 .text._ZN7DigiPot11SetPot2StepEv
                0x080045a0       0x5c obj/digipot.o
                0x080045a0                DigiPot::SetPot2Step()
 .text._ZN7DigiPot11SetPot3StepEv
                0x080045fc       0x5c obj/digipot.o
                0x080045fc                DigiPot::SetPot3Step()
 .text._ZN7DigiPot11SetPot4StepEv
                0x08004658       0x5c obj/digipot.o
                0x08004658                DigiPot::SetPot4Step()
 .text._ZN6CanSdo7PutCharEc
                0x080046b4       0x1e obj/cansdo.o
                0x080046b4                CanSdo::PutChar(char)
 .text._ZThn4_N6CanSdo7PutCharEc
                0x080046d2        0x8 obj/cansdo.o
                0x080046d2                non-virtual thunk to CanSdo::PutChar(char)
 .text._ZN6CanSdo11HandleClearEv
                0x080046da       0x28 obj/cansdo.o
                0x080046da                CanSdo::HandleClear()
 *fill*         0x08004702        0x2 
 .text._ZN6CanSdoC2EP11CanHardwareP6CanMap
                0x08004704       0x48 obj/cansdo.o
                0x08004704                CanSdo::CanSdo(CanHardware*, CanMap*)
                0x08004704                CanSdo::CanSdo(CanHardware*, CanMap*)
 .text._ZN6CanSdo9SetNodeIdEh
                0x0800474c        0xc obj/cansdo.o
                0x0800474c                CanSdo::SetNodeId(unsigned char)
 .text._ZN6CanSdo24ProcessSpecialSDOObjectsEPNS_7CAN_SDOE
                0x08004758      0x124 obj/cansdo.o
                0x08004758                CanSdo::ProcessSpecialSDOObjects(CanSdo::CAN_SDO*)
 .text._ZN6CanSdo18ReadOrDeleteCanMapEPNS_7CAN_SDOE
                0x0800487c       0xdc obj/cansdo.o
                0x0800487c                CanSdo::ReadOrDeleteCanMap(CanSdo::CAN_SDO*)
 .text._ZN6CanSdo9AddCanMapEPNS_7CAN_SDOEb
                0x08004958       0xf4 obj/cansdo.o
                0x08004958                CanSdo::AddCanMap(CanSdo::CAN_SDO*, bool)
 .text._ZN6CanSdo10ProcessSDOEPm
                0x08004a4c      0x130 obj/cansdo.o
                0x08004a4c                CanSdo::ProcessSDO(unsigned long*)
 .text._ZN6CanSdo8HandleRxEmPmh
                0x08004b7c       0x36 obj/cansdo.o
                0x08004b7c                CanSdo::HandleRx(unsigned long, unsigned long*, unsigned char)
 .text.adc_power_on
                0x08004bb2       0x10 libopencm3/lib\libopencm3_stm32f1.a(adc.o)
                0x08004bb2                adc_power_on
 *fill*         0x08004bc2        0x2 
 .text.adc_enable_temperature_sensor
                0x08004bc4       0x14 libopencm3/lib\libopencm3_stm32f1.a(adc.o)
                0x08004bc4                adc_enable_temperature_sensor
 .text.adc_enable_external_trigger_regular
                0x08004bd8       0x14 libopencm3/lib\libopencm3_stm32f1.a(adc.o)
                0x08004bd8                adc_enable_external_trigger_regular
 .text.adc_reset_calibration
                0x08004bec       0x14 libopencm3/lib\libopencm3_stm32f1.a(adc.o)
                0x08004bec                adc_reset_calibration
 .text.adc_calibrate_async
                0x08004c00        0xa libopencm3/lib\libopencm3_stm32f1.a(adc.o)
                0x08004c00                adc_calibrate_async
 .text.adc_is_calibrating
                0x08004c0a        0x8 libopencm3/lib\libopencm3_stm32f1.a(adc.o)
                0x08004c0a                adc_is_calibrating
 .text.adc_calibrate
                0x08004c12       0x14 libopencm3/lib\libopencm3_stm32f1.a(adc.o)
                0x08004c12                adc_calibrate
 .text.adc_set_sample_time_on_all_channels
                0x08004c26       0x2a libopencm3/lib\libopencm3_stm32f1.a(adc.o)
                0x08004c26                adc_set_sample_time_on_all_channels
 .text.adc_power_off
                0x08004c50        0xa libopencm3/lib\libopencm3_stm32f1.a(adc_common_v1.o)
                0x08004c50                adc_power_off
 .text.adc_enable_scan_mode
                0x08004c5a        0xa libopencm3/lib\libopencm3_stm32f1.a(adc_common_v1.o)
                0x08004c5a                adc_enable_scan_mode
 .text.adc_set_right_aligned
                0x08004c64        0xa libopencm3/lib\libopencm3_stm32f1.a(adc_common_v1.o)
                0x08004c64                adc_set_right_aligned
 .text.adc_set_continuous_conversion_mode
                0x08004c6e        0xa libopencm3/lib\libopencm3_stm32f1.a(adc_common_v1.o)
                0x08004c6e                adc_set_continuous_conversion_mode
 .text.adc_set_regular_sequence
                0x08004c78       0x5c libopencm3/lib\libopencm3_stm32f1.a(adc_common_v1.o)
                0x08004c78                adc_set_regular_sequence
 .text.adc_start_conversion_regular
                0x08004cd4       0x14 libopencm3/lib\libopencm3_stm32f1.a(adc_common_v1.o)
                0x08004cd4                adc_start_conversion_regular
 .text.adc_enable_dma
                0x08004ce8        0xa libopencm3/lib\libopencm3_stm32f1.a(adc_common_v1.o)
                0x08004ce8                adc_enable_dma
 *fill*         0x08004cf2        0x2 
 .text.can_reset
                0x08004cf4       0x18 libopencm3/lib\libopencm3_stm32f1.a(can.o)
                0x08004cf4                can_reset
 .text.can_init
                0x08004d0c      0x12a libopencm3/lib\libopencm3_stm32f1.a(can.o)
                0x08004d0c                can_init
 *fill*         0x08004e36        0x2 
 .text.can_filter_init
                0x08004e38       0x98 libopencm3/lib\libopencm3_stm32f1.a(can.o)
                0x08004e38                can_filter_init
 .text.can_filter_id_mask_16bit_init
                0x08004ed0       0x20 libopencm3/lib\libopencm3_stm32f1.a(can.o)
                0x08004ed0                can_filter_id_mask_16bit_init
 .text.can_filter_id_list_16bit_init
                0x08004ef0       0x20 libopencm3/lib\libopencm3_stm32f1.a(can.o)
                0x08004ef0                can_filter_id_list_16bit_init
 .text.can_filter_id_list_32bit_init
                0x08004f10       0x1a libopencm3/lib\libopencm3_stm32f1.a(can.o)
                0x08004f10                can_filter_id_list_32bit_init
 .text.can_enable_irq
                0x08004f2a        0x8 libopencm3/lib\libopencm3_stm32f1.a(can.o)
                0x08004f2a                can_enable_irq
 .text.can_disable_irq
                0x08004f32        0xa libopencm3/lib\libopencm3_stm32f1.a(can.o)
                0x08004f32                can_disable_irq
 .text.can_transmit
                0x08004f3c       0xca libopencm3/lib\libopencm3_stm32f1.a(can.o)
                0x08004f3c                can_transmit
 .text.can_fifo_release
                0x08005006       0x16 libopencm3/lib\libopencm3_stm32f1.a(can.o)
                0x08005006                can_fifo_release
 .text.can_fifo_pending
                0x0800501c        0xe libopencm3/lib\libopencm3_stm32f1.a(can.o)
                0x0800501c                can_fifo_pending
 .text.can_receive
                0x0800502a       0xb8 libopencm3/lib\libopencm3_stm32f1.a(can.o)
                0x0800502a                can_receive
 *fill*         0x080050e2        0x2 
 .text.crc_reset
                0x080050e4       0x10 libopencm3/lib\libopencm3_stm32f1.a(crc_common_all.o)
                0x080050e4                crc_reset
 .text.crc_calculate
                0x080050f4        0xc libopencm3/lib\libopencm3_stm32f1.a(crc_common_all.o)
                0x080050f4                crc_calculate
 .text.crc_calculate_block
                0x08005100       0x1c libopencm3/lib\libopencm3_stm32f1.a(crc_common_all.o)
                0x08005100                crc_calculate_block
 .text.desig_get_flash_size
                0x0800511c        0xc libopencm3/lib\libopencm3_stm32f1.a(desig_common_v1.o)
                0x0800511c                desig_get_flash_size
 .text.dma_channel_reset
                0x08005128       0x20 libopencm3/lib\libopencm3_stm32f1.a(dma_common_l1f013.o)
                0x08005128                dma_channel_reset
 .text.dma_clear_interrupt_flags
                0x08005148        0xa libopencm3/lib\libopencm3_stm32f1.a(dma_common_l1f013.o)
                0x08005148                dma_clear_interrupt_flags
 .text.dma_get_interrupt_flag
                0x08005152       0x12 libopencm3/lib\libopencm3_stm32f1.a(dma_common_l1f013.o)
                0x08005152                dma_get_interrupt_flag
 .text.dma_set_memory_size
                0x08005164       0x18 libopencm3/lib\libopencm3_stm32f1.a(dma_common_l1f013.o)
                0x08005164                dma_set_memory_size
 .text.dma_set_peripheral_size
                0x0800517c       0x18 libopencm3/lib\libopencm3_stm32f1.a(dma_common_l1f013.o)
                0x0800517c                dma_set_peripheral_size
 .text.dma_enable_memory_increment_mode
                0x08005194       0x12 libopencm3/lib\libopencm3_stm32f1.a(dma_common_l1f013.o)
                0x08005194                dma_enable_memory_increment_mode
 .text.dma_enable_circular_mode
                0x080051a6       0x1a libopencm3/lib\libopencm3_stm32f1.a(dma_common_l1f013.o)
                0x080051a6                dma_enable_circular_mode
 .text.dma_set_read_from_memory
                0x080051c0       0x12 libopencm3/lib\libopencm3_stm32f1.a(dma_common_l1f013.o)
                0x080051c0                dma_set_read_from_memory
 .text.dma_enable_channel
                0x080051d2       0x12 libopencm3/lib\libopencm3_stm32f1.a(dma_common_l1f013.o)
                0x080051d2                dma_enable_channel
 .text.dma_disable_channel
                0x080051e4       0x12 libopencm3/lib\libopencm3_stm32f1.a(dma_common_l1f013.o)
                0x080051e4                dma_disable_channel
 .text.dma_set_peripheral_address
                0x080051f6       0x12 libopencm3/lib\libopencm3_stm32f1.a(dma_common_l1f013.o)
                0x080051f6                dma_set_peripheral_address
 .text.dma_set_memory_address
                0x08005208       0x12 libopencm3/lib\libopencm3_stm32f1.a(dma_common_l1f013.o)
                0x08005208                dma_set_memory_address
 .text.dma_get_number_of_data
                0x0800521a        0xe libopencm3/lib\libopencm3_stm32f1.a(dma_common_l1f013.o)
                0x0800521a                dma_get_number_of_data
 .text.dma_set_number_of_data
                0x08005228        0xc libopencm3/lib\libopencm3_stm32f1.a(dma_common_l1f013.o)
                0x08005228                dma_set_number_of_data
 .text.flash_get_status_flags
                0x08005234       0x20 libopencm3/lib\libopencm3_stm32f1.a(flash.o)
                0x08005234                flash_get_status_flags
 .text.flash_program_half_word
                0x08005254       0x64 libopencm3/lib\libopencm3_stm32f1.a(flash.o)
                0x08005254                flash_program_half_word
 .text.flash_erase_page
                0x080052b8       0x74 libopencm3/lib\libopencm3_stm32f1.a(flash.o)
                0x080052b8                flash_erase_page
 .text.flash_set_ws
                0x0800532c       0x14 libopencm3/lib\libopencm3_stm32f1.a(flash_common_all.o)
                0x0800532c                flash_set_ws
 .text.flash_unlock
                0x08005340       0x18 libopencm3/lib\libopencm3_stm32f1.a(flash_common_f.o)
                0x08005340                flash_unlock
 .text.flash_lock
                0x08005358       0x10 libopencm3/lib\libopencm3_stm32f1.a(flash_common_f.o)
                0x08005358                flash_lock
 .text.flash_wait_for_last_operation
                0x08005368        0xc libopencm3/lib\libopencm3_stm32f1.a(flash_common_f01.o)
                0x08005368                flash_wait_for_last_operation
 .text.flash_program_word
                0x08005374       0x18 libopencm3/lib\libopencm3_stm32f1.a(flash_common_f01.o)
                0x08005374                flash_program_word
 .text.gpio_set_mode
                0x0800538c       0x5e libopencm3/lib\libopencm3_stm32f1.a(gpio.o)
                0x0800538c                gpio_set_mode
 *fill*         0x080053ea        0x2 
 .text.gpio_primary_remap
                0x080053ec       0x14 libopencm3/lib\libopencm3_stm32f1.a(gpio.o)
                0x080053ec                gpio_primary_remap
 .text.gpio_set
                0x08005400        0x4 libopencm3/lib\libopencm3_stm32f1.a(gpio_common_all.o)
                0x08005400                gpio_set
 .text.gpio_clear
                0x08005404        0x6 libopencm3/lib\libopencm3_stm32f1.a(gpio_common_all.o)
                0x08005404                gpio_clear
 .text.gpio_toggle
                0x0800540a       0x12 libopencm3/lib\libopencm3_stm32f1.a(gpio_common_all.o)
                0x0800540a                gpio_toggle
 .text.iwdg_reset
                0x0800541c       0x10 libopencm3/lib\libopencm3_stm32f1.a(iwdg_common_all.o)
                0x0800541c                iwdg_reset
 .text.rcc_is_osc_ready
                0x0800542c       0x58 libopencm3/lib\libopencm3_stm32f1.a(rcc.o)
                0x0800542c                rcc_is_osc_ready
 .text.rcc_wait_for_osc_ready
                0x08005484       0x10 libopencm3/lib\libopencm3_stm32f1.a(rcc.o)
                0x08005484                rcc_wait_for_osc_ready
 .text.rcc_osc_on
                0x08005494       0x60 libopencm3/lib\libopencm3_stm32f1.a(rcc.o)
                0x08005494                rcc_osc_on
 .text.rcc_set_sysclk_source
                0x080054f4       0x14 libopencm3/lib\libopencm3_stm32f1.a(rcc.o)
                0x080054f4                rcc_set_sysclk_source
 .text.rcc_set_pll_multiplication_factor
                0x08005508       0x14 libopencm3/lib\libopencm3_stm32f1.a(rcc.o)
                0x08005508                rcc_set_pll_multiplication_factor
 .text.rcc_set_pll2_multiplication_factor
                0x0800551c       0x14 libopencm3/lib\libopencm3_stm32f1.a(rcc.o)
                0x0800551c                rcc_set_pll2_multiplication_factor
 .text.rcc_set_pll3_multiplication_factor
                0x08005530       0x14 libopencm3/lib\libopencm3_stm32f1.a(rcc.o)
                0x08005530                rcc_set_pll3_multiplication_factor
 .text.rcc_set_pll_source
                0x08005544       0x14 libopencm3/lib\libopencm3_stm32f1.a(rcc.o)
                0x08005544                rcc_set_pll_source
 .text.rcc_set_pllxtpre
                0x08005558       0x14 libopencm3/lib\libopencm3_stm32f1.a(rcc.o)
                0x08005558                rcc_set_pllxtpre
 .text.rcc_rtc_clock_enabled_flag
                0x0800556c       0x10 libopencm3/lib\libopencm3_stm32f1.a(rcc.o)
                0x0800556c                rcc_rtc_clock_enabled_flag
 .text.rcc_enable_rtc_clock
                0x0800557c       0x10 libopencm3/lib\libopencm3_stm32f1.a(rcc.o)
                0x0800557c                rcc_enable_rtc_clock
 .text.rcc_set_rtc_clock_source
                0x0800558c       0x84 libopencm3/lib\libopencm3_stm32f1.a(rcc.o)
                0x0800558c                rcc_set_rtc_clock_source
 .text.rcc_set_adcpre
                0x08005610       0x14 libopencm3/lib\libopencm3_stm32f1.a(rcc.o)
                0x08005610                rcc_set_adcpre
 .text.rcc_set_ppre2
                0x08005624       0x14 libopencm3/lib\libopencm3_stm32f1.a(rcc.o)
                0x08005624                rcc_set_ppre2
 .text.rcc_set_ppre1
                0x08005638       0x14 libopencm3/lib\libopencm3_stm32f1.a(rcc.o)
                0x08005638                rcc_set_ppre1
 .text.rcc_set_hpre
                0x0800564c       0x14 libopencm3/lib\libopencm3_stm32f1.a(rcc.o)
                0x0800564c                rcc_set_hpre
 .text.rcc_set_usbpre
                0x08005660       0x18 libopencm3/lib\libopencm3_stm32f1.a(rcc.o)
                0x08005660                rcc_set_usbpre
 .text.rcc_set_prediv1
                0x08005678       0x14 libopencm3/lib\libopencm3_stm32f1.a(rcc.o)
                0x08005678                rcc_set_prediv1
 .text.rcc_set_prediv2
                0x0800568c       0x14 libopencm3/lib\libopencm3_stm32f1.a(rcc.o)
                0x0800568c                rcc_set_prediv2
 .text.rcc_set_prediv1_source
                0x080056a0       0x18 libopencm3/lib\libopencm3_stm32f1.a(rcc.o)
                0x080056a0                rcc_set_prediv1_source
 .text.rcc_clock_setup_pll
                0x080056b8       0xbc libopencm3/lib\libopencm3_stm32f1.a(rcc.o)
                0x080056b8                rcc_clock_setup_pll
 .text.rcc_periph_clock_enable
                0x08005774       0x1a libopencm3/lib\libopencm3_stm32f1.a(rcc_common_all.o)
                0x08005774                rcc_periph_clock_enable
 .text.rcc_periph_reset_pulse
                0x0800578e       0x22 libopencm3/lib\libopencm3_stm32f1.a(rcc_common_all.o)
                0x0800578e                rcc_periph_reset_pulse
 .text.rtc_enter_config_mode
                0x080057b0       0x1c libopencm3/lib\libopencm3_stm32f1.a(rtc.o)
                0x080057b0                rtc_enter_config_mode
 .text.rtc_exit_config_mode
                0x080057cc       0x1c libopencm3/lib\libopencm3_stm32f1.a(rtc.o)
                0x080057cc                rtc_exit_config_mode
 .text.rtc_awake_from_off
                0x080057e8       0x6c libopencm3/lib\libopencm3_stm32f1.a(rtc.o)
                0x080057e8                rtc_awake_from_off
 .text.rtc_set_prescale_val
                0x08005854       0x24 libopencm3/lib\libopencm3_stm32f1.a(rtc.o)
                0x08005854                rtc_set_prescale_val
 .text.rtc_get_counter_val
                0x08005878       0x14 libopencm3/lib\libopencm3_stm32f1.a(rtc.o)
                0x08005878                rtc_get_counter_val
 .text.rtc_set_counter_val
                0x0800588c       0x20 libopencm3/lib\libopencm3_stm32f1.a(rtc.o)
                0x0800588c                rtc_set_counter_val
 .text.rtc_awake_from_standby
                0x080058ac       0x3c libopencm3/lib\libopencm3_stm32f1.a(rtc.o)
                0x080058ac                rtc_awake_from_standby
 .text.rtc_auto_awake
                0x080058e8       0x34 libopencm3/lib\libopencm3_stm32f1.a(rtc.o)
                0x080058e8                rtc_auto_awake
 .text.spi_enable
                0x0800591c        0xa libopencm3/lib\libopencm3_stm32f1.a(spi_common_all.o)
                0x0800591c                spi_enable
 .text.spi_xfer
                0x08005926        0xe libopencm3/lib\libopencm3_stm32f1.a(spi_common_all.o)
                0x08005926                spi_xfer
 .text.spi_enable_software_slave_management
                0x08005934       0x12 libopencm3/lib\libopencm3_stm32f1.a(spi_common_all.o)
                0x08005934                spi_enable_software_slave_management
 .text.spi_set_nss_high
                0x08005946        0xa libopencm3/lib\libopencm3_stm32f1.a(spi_common_all.o)
                0x08005946                spi_set_nss_high
 .text.spi_init_master
                0x08005950       0x28 libopencm3/lib\libopencm3_stm32f1.a(spi_common_v1.o)
                0x08005950                spi_init_master
 .text.timer_enable_irq
                0x08005978        0x8 libopencm3/lib\libopencm3_stm32f1.a(timer_common_all.o)
                0x08005978                timer_enable_irq
 .text.timer_get_flag
                0x08005980        0xc libopencm3/lib\libopencm3_stm32f1.a(timer_common_all.o)
                0x08005980                timer_get_flag
 .text.timer_clear_flag
                0x0800598c        0x6 libopencm3/lib\libopencm3_stm32f1.a(timer_common_all.o)
                0x0800598c                timer_clear_flag
 .text.timer_enable_preload
                0x08005992        0xa libopencm3/lib\libopencm3_stm32f1.a(timer_common_all.o)
                0x08005992                timer_enable_preload
 .text.timer_set_alignment
                0x0800599c       0x14 libopencm3/lib\libopencm3_stm32f1.a(timer_common_all.o)
                0x0800599c                timer_set_alignment
 .text.timer_direction_up
                0x080059b0        0xa libopencm3/lib\libopencm3_stm32f1.a(timer_common_all.o)
                0x080059b0                timer_direction_up
 .text.timer_enable_counter
                0x080059ba        0xa libopencm3/lib\libopencm3_stm32f1.a(timer_common_all.o)
                0x080059ba                timer_enable_counter
 .text.timer_disable_counter
                0x080059c4        0xa libopencm3/lib\libopencm3_stm32f1.a(timer_common_all.o)
                0x080059c4                timer_disable_counter
 .text.timer_set_prescaler
                0x080059ce        0x4 libopencm3/lib\libopencm3_stm32f1.a(timer_common_all.o)
                0x080059ce                timer_set_prescaler
 .text.timer_set_period
                0x080059d2        0x4 libopencm3/lib\libopencm3_stm32f1.a(timer_common_all.o)
                0x080059d2                timer_set_period
 .text.timer_set_oc_mode
                0x080059d6      0x18c libopencm3/lib\libopencm3_stm32f1.a(timer_common_all.o)
                0x080059d6                timer_set_oc_mode
 .text.timer_enable_oc_preload
                0x08005b62       0x34 libopencm3/lib\libopencm3_stm32f1.a(timer_common_all.o)
                0x08005b62                timer_enable_oc_preload
 .text.timer_set_oc_polarity_high
                0x08005b96       0x4a libopencm3/lib\libopencm3_stm32f1.a(timer_common_all.o)
                0x08005b96                timer_set_oc_polarity_high
 .text.timer_enable_oc_output
                0x08005be0       0x4a libopencm3/lib\libopencm3_stm32f1.a(timer_common_all.o)
                0x08005be0                timer_enable_oc_output
 .text.timer_set_oc_value
                0x08005c2a       0x20 libopencm3/lib\libopencm3_stm32f1.a(timer_common_all.o)
                0x08005c2a                timer_set_oc_value
 .text.timer_generate_event
                0x08005c4a        0x8 libopencm3/lib\libopencm3_stm32f1.a(timer_common_all.o)
                0x08005c4a                timer_generate_event
 .text.timer_get_counter
                0x08005c52        0x4 libopencm3/lib\libopencm3_stm32f1.a(timer_common_all.o)
                0x08005c52                timer_get_counter
 .text.timer_set_counter
                0x08005c56        0x4 libopencm3/lib\libopencm3_stm32f1.a(timer_common_all.o)
                0x08005c56                timer_set_counter
 *fill*         0x08005c5a        0x2 
 .text.usart_set_baudrate
                0x08005c5c       0x28 libopencm3/lib\libopencm3_stm32f1.a(usart_common_all.o)
                0x08005c5c                usart_set_baudrate
 .text.usart_set_databits
                0x08005c84       0x12 libopencm3/lib\libopencm3_stm32f1.a(usart_common_all.o)
                0x08005c84                usart_set_databits
 .text.usart_set_stopbits
                0x08005c96        0xc libopencm3/lib\libopencm3_stm32f1.a(usart_common_all.o)
                0x08005c96                usart_set_stopbits
 .text.usart_set_parity
                0x08005ca2        0xc libopencm3/lib\libopencm3_stm32f1.a(usart_common_all.o)
                0x08005ca2                usart_set_parity
 .text.usart_set_mode
                0x08005cae        0xc libopencm3/lib\libopencm3_stm32f1.a(usart_common_all.o)
                0x08005cae                usart_set_mode
 .text.usart_set_flow_control
                0x08005cba        0xc libopencm3/lib\libopencm3_stm32f1.a(usart_common_all.o)
                0x08005cba                usart_set_flow_control
 .text.usart_enable
                0x08005cc6        0xa libopencm3/lib\libopencm3_stm32f1.a(usart_common_all.o)
                0x08005cc6                usart_enable
 .text.usart_send_blocking
                0x08005cd0       0x16 libopencm3/lib\libopencm3_stm32f1.a(usart_common_all.o)
                0x08005cd0                usart_send_blocking
 .text.usart_enable_rx_dma
                0x08005ce6        0xa libopencm3/lib\libopencm3_stm32f1.a(usart_common_all.o)
                0x08005ce6                usart_enable_rx_dma
 .text.usart_enable_tx_dma
                0x08005cf0        0xa libopencm3/lib\libopencm3_stm32f1.a(usart_common_all.o)
                0x08005cf0                usart_enable_tx_dma
 .text.usart_send
                0x08005cfa        0x8 libopencm3/lib\libopencm3_stm32f1.a(usart_common_f124.o)
                0x08005cfa                usart_send
 .text.usart_recv
                0x08005d02        0x8 libopencm3/lib\libopencm3_stm32f1.a(usart_common_f124.o)
                0x08005d02                usart_recv
 .text.usart_wait_send_ready
                0x08005d0a        0x8 libopencm3/lib\libopencm3_stm32f1.a(usart_common_f124.o)
                0x08005d0a                usart_wait_send_ready
 .text.usart_get_flag
                0x08005d12        0xc libopencm3/lib\libopencm3_stm32f1.a(usart_common_f124.o)
                0x08005d12                usart_get_flag
 .text.blocking_handler
                0x08005d1e        0x2 libopencm3/lib\libopencm3_stm32f1.a(vector.o)
                0x08005d1e                usart3_isr
                0x08005d1e                rtc_isr
                0x08005d1e                tim7_isr
                0x08005d1e                adc1_2_isr
                0x08005d1e                tim1_trg_com_isr
                0x08005d1e                tim6_isr
                0x08005d1e                usb_wakeup_isr
                0x08005d1e                blocking_handler
                0x08005d1e                tim5_isr
                0x08005d1e                otg_fs_isr
                0x08005d1e                spi1_isr
                0x08005d1e                exti2_isr
                0x08005d1e                dma1_channel6_isr
                0x08005d1e                dma1_channel5_isr
                0x08005d1e                dma2_channel5_isr
                0x08005d1e                usart1_isr
                0x08005d1e                usage_fault_handler
                0x08005d1e                tim8_trg_com_isr
                0x08005d1e                tim1_brk_isr
                0x08005d1e                tim1_cc_isr
                0x08005d1e                sdio_isr
                0x08005d1e                eth_isr
                0x08005d1e                dma1_channel4_isr
                0x08005d1e                tim8_brk_isr
                0x08005d1e                dma2_channel4_5_isr
                0x08005d1e                pvd_isr
                0x08005d1e                rcc_isr
                0x08005d1e                flash_isr
                0x08005d1e                uart4_isr
                0x08005d1e                rtc_alarm_isr
                0x08005d1e                exti15_10_isr
                0x08005d1e                hard_fault_handler
                0x08005d1e                exti1_isr
                0x08005d1e                i2c1_ev_isr
                0x08005d1e                dma2_channel1_isr
                0x08005d1e                spi2_isr
                0x08005d1e                tim8_up_isr
                0x08005d1e                dma2_channel2_isr
                0x08005d1e                exti3_isr
                0x08005d1e                adc3_isr
                0x08005d1e                tim3_isr
                0x08005d1e                usart2_isr
                0x08005d1e                i2c2_er_isr
                0x08005d1e                i2c2_ev_isr
                0x08005d1e                uart5_isr
                0x08005d1e                fsmc_isr
                0x08005d1e                dma1_channel1_isr
                0x08005d1e                exti4_isr
                0x08005d1e                mem_manage_handler
                0x08005d1e                exti9_5_isr
                0x08005d1e                dma2_channel3_isr
                0x08005d1e                dma1_channel7_isr
                0x08005d1e                tim1_up_isr
                0x08005d1e                can2_sce_isr
                0x08005d1e                tim4_isr
                0x08005d1e                dma1_channel2_isr
                0x08005d1e                i2c1_er_isr
                0x08005d1e                can_sce_isr
                0x08005d1e                tim8_cc_isr
                0x08005d1e                tamper_isr
                0x08005d1e                eth_wkup_isr
                0x08005d1e                bus_fault_handler
                0x08005d1e                wwdg_isr
                0x08005d1e                dma1_channel3_isr
                0x08005d1e                spi3_isr
                0x08005d1e                exti0_isr
 .text.null_handler
                0x08005d20        0x2 libopencm3/lib\libopencm3_stm32f1.a(vector.o)
                0x08005d20                sv_call_handler
                0x08005d20                pend_sv_handler
                0x08005d20                debug_monitor_handler
                0x08005d20                sys_tick_handler
                0x08005d20                nmi_handler
                0x08005d20                null_handler
 *fill*         0x08005d22        0x2 
 .text.reset_handler
                0x08005d24       0xc8 libopencm3/lib\libopencm3_stm32f1.a(vector.o)
                0x08005d24                reset_handler
 .text.scb_reset_system
                0x08005dec       0x10 libopencm3/lib\libopencm3_stm32f1.a(scb.o)
                0x08005dec                scb_reset_system
 .text.nvic_enable_irq
                0x08005dfc       0x18 libopencm3/lib\libopencm3_stm32f1.a(nvic.o)
                0x08005dfc                nvic_enable_irq
 .text.nvic_set_priority
                0x08005e14       0x20 libopencm3/lib\libopencm3_stm32f1.a(nvic.o)
                0x08005e14                nvic_set_priority
 .text.pwr_disable_backup_domain_write_protect
                0x08005e34       0x10 libopencm3/lib\libopencm3_stm32f1.a(pwr_common_v1.o)
                0x08005e34                pwr_disable_backup_domain_write_protect
 .text          0x08005e44      0x21c C:/msys64/mingw64/bin/../lib/gcc/arm-none-eabi/13.3.0/thumb/v7/nofp\libgcc.a(_arm_addsubsf3.o)
                0x08005e44                __aeabi_frsub
                0x08005e4c                __subsf3
                0x08005e4c                __aeabi_fsub
                0x08005e50                __aeabi_fadd
                0x08005e50                __addsf3
                0x08005fb0                __aeabi_ui2f
                0x08005fb0                __floatunsisf
                0x08005fb8                __aeabi_i2f
                0x08005fb8                __floatsisf
                0x08005fd4                __aeabi_ul2f
                0x08005fd4                __floatundisf
                0x08005fe4                __aeabi_l2f
                0x08005fe4                __floatdisf
 .text          0x08006060      0x2a0 C:/msys64/mingw64/bin/../lib/gcc/arm-none-eabi/13.3.0/thumb/v7/nofp\libgcc.a(_arm_muldivsf3.o)
                0x08006060                __mulsf3
                0x08006060                __aeabi_fmul
                0x080061c8                __aeabi_fdiv
                0x080061c8                __divsf3
 .text          0x08006300       0xec C:/msys64/mingw64/bin/../lib/gcc/arm-none-eabi/13.3.0/thumb/v7/nofp\libgcc.a(_arm_cmpsf2.o)
                0x08006300                __gesf2
                0x08006300                __gtsf2
                0x08006308                __lesf2
                0x08006308                __ltsf2
                0x08006310                __nesf2
                0x08006310                __eqsf2
                0x08006310                __cmpsf2
                0x08006370                __aeabi_cfrcmple
                0x08006378                __aeabi_cfcmpeq
                0x08006378                __aeabi_cfcmple
                0x08006388                __aeabi_fcmpeq
                0x0800639c                __aeabi_fcmplt
                0x080063b0                __aeabi_fcmple
                0x080063c4                __aeabi_fcmpge
                0x080063d8                __aeabi_fcmpgt
 .text          0x080063ec       0x4c C:/msys64/mingw64/bin/../lib/gcc/arm-none-eabi/13.3.0/thumb/v7/nofp\libgcc.a(_arm_fixsfsi.o)
                0x080063ec                __aeabi_f2iz
                0x080063ec                __fixsfsi
                0x08006438                        . = ALIGN (0x4)
 *(.rodata*)
 .rodata._ZTV11CanCallback
                0x08006438       0x10 obj/main.o
                0x08006438                vtable for CanCallback
 .rodata._ZTV23FunctionPointerCallback
                0x08006448       0x10 obj/main.o
                0x08006448                vtable for FunctionPointerCallback
 .rodata._ZN14Stm32Scheduler5ocMapE
                0x08006458        0x4 obj/stm32scheduler.o
                0x08006458                Stm32Scheduler::ocMap
 .rodata.str1.4
                0x0800645c      0x715 obj/params.o
                                0x1dd (size before relaxing)
 *fill*         0x08006b71        0x3 
 .rodata._ZN5ParamL7attribsE
                0x08006b74      0x380 obj/params.o
 .rodata._ZN8Terminal10EnableUartEPc.str1.4
                0x08006ef4        0x0 obj/terminal.o
                                  0x5 (size before relaxing)
 .rodata._ZN8Terminal8FastUartEPc.str1.4
                0x08006ef4        0x0 obj/terminal.o
                                 0x1b (size before relaxing)
 .rodata._ZN8Terminal4EchoEPc.str1.4
                0x08006ef4        0x0 obj/terminal.o
                                 0x17 (size before relaxing)
 .rodata._ZN8Terminal3RunEv.str1.4
                0x08006ef4        0x0 obj/terminal.o
                                 0x3b (size before relaxing)
 .rodata._ZTV8IPutChar
                0x08006ef4        0xc obj/terminal.o
                0x08006ef4                vtable for IPutChar
 .rodata._ZTV8Terminal
                0x08006f00        0xc obj/terminal.o
                0x08006f00                vtable for Terminal
 .rodata._ZN8Terminal6hwInfoE
                0x08006f0c       0x70 obj/terminal.o
                0x08006f0c                Terminal::hwInfo
 .rodata._ZL11PrintSerialP8TerminalPc.str1.4
                0x08006f7c        0x0 obj/terminal_prj.o
                                 0x11 (size before relaxing)
 .rodata._ZL12LoadDefaultsP8TerminalPc.str1.4
                0x08006f7c        0x0 obj/terminal_prj.o
                                 0x12 (size before relaxing)
 .rodata.str1.4
                0x08006f7c        0x0 obj/terminal_prj.o
                                 0x5f (size before relaxing)
 .rodata.termCmds
                0x08006f7c       0x70 obj/terminal_prj.o
                0x08006f7c                termCmds
 .rodata._ZL5printP8IPutCharPKcSt9__va_list.str1.4
                0x08006fec        0x0 obj/printf.o
                                  0x7 (size before relaxing)
 .rodata._ZTV13ExternPutChar
                0x08006fec        0xc obj/printf.o
                0x08006fec                vtable for ExternPutChar
 .rodata        0x08006ff8        0x8 obj/anain.o
 .rodata._ZN12ErrorMessage10PrintErrorEm17ERROR_MESSAGE_NUM.str1.4
                0x08007000        0x0 obj/errormessage.o
                                 0x10 (size before relaxing)
 .rodata._ZN12ErrorMessage14PrintAllErrorsEv.str1.4
                0x08007000        0x0 obj/errormessage.o
                                  0xc (size before relaxing)
 .rodata.str1.4
                0x08007000        0x0 obj/errormessage.o
                                 0x57 (size before relaxing)
 .rodata._ZL5types
                0x08007000        0xc obj/errormessage.o
 .rodata._ZL16errorDescriptors
                0x0800700c       0x18 obj/errormessage.o
 .rodata._ZTV8Stm32Can
                0x08007024       0x14 obj/stm32_can.o
                0x08007024                vtable for Stm32Can
 .rodata._ZL8canSpeed
                0x08007038       0x3c obj/stm32_can.o
 .rodata        0x08007074        0x8 obj/stm32_can.o
 .rodata._ZTV11CanHardware
                0x0800707c       0x14 obj/canhardware.o
                0x0800707c                vtable for CanHardware
 .rodata._ZTV12NullCallback
                0x08007090       0x10 obj/canhardware.o
                0x08007090                vtable for NullCallback
 .rodata._ZTV6CanMap
                0x080070a0       0x10 obj/canmap.o
                0x080070a0                vtable for CanMap
 .rodata._ZN16TerminalCommands11PrintCanMapEN5Param9PARAM_NUMEmhafab.str1.4
                0x080070b0        0x0 obj/terminalcommands.o
                                 0x24 (size before relaxing)
 .rodata._ZN16TerminalCommands8ParamSetEP8TerminalPc.str1.4
                0x080070b0        0x0 obj/terminalcommands.o
                                 0x57 (size before relaxing)
 .rodata._ZN16TerminalCommands8ParamGetEP8TerminalPc.str1.4
                0x080070b0        0x0 obj/terminalcommands.o
                                 0x22 (size before relaxing)
 .rodata._ZN16TerminalCommands9ParamFlagEP8TerminalPc.str1.4
                0x080070b0        0x0 obj/terminalcommands.o
                                 0x39 (size before relaxing)
 .rodata._ZN16TerminalCommands15PrintParamsJsonEP8IPutCharPc.str1.4
                0x080070b0        0x0 obj/terminalcommands.o
                                0x13a (size before relaxing)
 .rodata._ZN16TerminalCommands6MapCanEP8TerminalPc.str1.4
                0x080070b0        0x0 obj/terminalcommands.o
                                0x116 (size before relaxing)
 .rodata._ZN16TerminalCommands14SaveParametersEP8TerminalPc.str1.4
                0x080070b0        0x0 obj/terminalcommands.o
                                 0x6f (size before relaxing)
 .rodata._ZN16TerminalCommands14LoadParametersEP8TerminalPc.str1.4
                0x080070b0        0x0 obj/terminalcommands.o
                                 0x2a (size before relaxing)
 .rodata._ZN16TerminalCommands11ParamStreamEP8TerminalPc.str1.4
                0x080070b0        0x0 obj/terminalcommands.o
                                 0x2f (size before relaxing)
 .rodata._ZTV6CanSdo
                0x080070b0       0x20 obj/cansdo.o
                0x080070b0                vtable for CanSdo
 .rodata.rcc_hse_configs
                0x080070d0       0x8c libopencm3/lib\libopencm3_stm32f1.a(rcc.o)
                0x080070d0                rcc_hse_configs
                0x0800715c                        . = ALIGN (0x4)

.glue_7         0x0800715c        0x0
 .glue_7        0x0800715c        0x0 linker stubs

.glue_7t        0x0800715c        0x0
 .glue_7t       0x0800715c        0x0 linker stubs

.vfp11_veneer   0x0800715c        0x0
 .vfp11_veneer  0x0800715c        0x0 linker stubs

.v4_bx          0x0800715c        0x0
 .v4_bx         0x0800715c        0x0 linker stubs

.iplt           0x0800715c        0x0
 .iplt          0x0800715c        0x0 obj/main.o

.rel.dyn        0x0800715c        0x0
 .rel.iplt      0x0800715c        0x0 obj/main.o

.preinit_array  0x0800715c        0x0
                0x0800715c                        . = ALIGN (0x4)
                0x0800715c                        __preinit_array_start = .
 *(.preinit_array)
                0x0800715c                        __preinit_array_end = .

.init_array     0x0800715c        0x4
                0x0800715c                        . = ALIGN (0x4)
                0x0800715c                        __init_array_start = .
 *(SORT_BY_NAME(.init_array.*))
 *(.init_array)
 .init_array    0x0800715c        0x4 obj/anain.o
                0x08007160                        __init_array_end = .

.fini_array     0x08007160        0x0
                0x08007160                        . = ALIGN (0x4)
                0x08007160                        __fini_array_start = .
 *(.fini_array)
 *(SORT_BY_NAME(.fini_array.*))
                0x08007160                        __fini_array_end = .

.ARM.extab
 *(.ARM.extab*)

.ARM.exidx      0x08007160        0x0
                0x08007160                        __exidx_start = .
 *(.ARM.exidx*)
                0x08007160                        __exidx_end = .
                0x08007160                        . = ALIGN (0x4)
                0x08007160                        _etext = .

.noinit
 *(.noinit*)
                0x08007160                        . = ALIGN (0x4)

.data           0x20000000       0xb4 load address 0x08007160
                0x20000000                        _data = .
 *(.data*)
 .data._ZN5ParamL6valuesE
                0x20000000       0x80 obj/params.o
 .data.errorBuffer
                0x20000080       0x20 obj/errormessage.o
                0x20000080                errorBuffer
 .data._ZL12nullCallback
                0x200000a0        0x4 obj/canhardware.o
 .data._ZN16TerminalCommands11saveEnabledE
                0x200000a4        0x1 obj/terminalcommands.o
                0x200000a4                TerminalCommands::saveEnabled
 *fill*         0x200000a5        0x3 
 .data.rcc_ahb_frequency
                0x200000a8        0x4 libopencm3/lib\libopencm3_stm32f1.a(rcc.o)
                0x200000a8                rcc_ahb_frequency
 .data.rcc_apb2_frequency
                0x200000ac        0x4 libopencm3/lib\libopencm3_stm32f1.a(rcc.o)
                0x200000ac                rcc_apb2_frequency
 .data.rcc_apb1_frequency
                0x200000b0        0x4 libopencm3/lib\libopencm3_stm32f1.a(rcc.o)
                0x200000b0                rcc_apb1_frequency
 *(.ramtext*)
                0x200000b4                        . = ALIGN (0x4)
                0x200000b4                        _edata = .
                0x08007160                        _data_loadaddr = LOADADDR (.data)

.igot.plt       0x200000b4        0x0 load address 0x08007214
 .igot.plt      0x200000b4        0x0 obj/main.o

.bss            0x200000b4       0xe0 load address 0x08007214
 *(.bss*)
 .bss.Mot_Temp  0x200000b4        0x4 obj/main.o
                0x200000b4                Mot_Temp
 .bss.CAN_ON    0x200000b8        0x4 obj/main.o
                0x200000b8                CAN_ON
 .bss._ZL8counter1
                0x200000bc        0x4 obj/main.o
 .bss._ZL6canSdo
                0x200000c0        0x4 obj/main.o
 .bss._ZL6canMap
                0x200000c4        0x4 obj/main.o
 .bss._ZL3can   0x200000c8        0x4 obj/main.o
 .bss._ZL9scheduler
                0x200000cc        0x4 obj/main.o
 .bss.Tim4_1_OC
                0x200000d0        0x4 obj/hwinit.o
                0x200000d0                Tim4_1_OC
 .bss.Tim4_Period
                0x200000d4        0x2 obj/hwinit.o
                0x200000d4                Tim4_Period
 .bss.Tim4_Presc
                0x200000d6        0x2 obj/hwinit.o
                0x200000d6                Tim4_Presc
 .bss._ZN5ParamL5flagsE
                0x200000d8       0x20 obj/params.o
 .bss._ZN8Terminal15defaultTerminalE
                0x200000f8        0x4 obj/terminal.o
                0x200000f8                Terminal::defaultTerminal
 .bss._ZN5DigIo7LOW_CH1E
                0x200000fc        0x8 obj/digio.o
                0x200000fc                DigIo::LOW_CH1
 .bss._ZN5DigIo6POT_CSE
                0x20000104        0x8 obj/digio.o
                0x20000104                DigIo::POT_CS
 .bss._ZN5DigIo4Out2E
                0x2000010c        0x8 obj/digio.o
                0x2000010c                DigIo::Out2
 .bss._ZN5DigIo4Out1E
                0x20000114        0x8 obj/digio.o
                0x20000114                DigIo::Out1
 .bss._ZN5DigIo7led_outE
                0x2000011c        0x8 obj/digio.o
                0x2000011c                DigIo::led_out
 .bss._ZN5AnaIn9dummyAnalE
                0x20000124        0x4 obj/anain.o
                0x20000124                AnaIn::dummyAnal
 .bss._ZN5AnaIn10GP_analog2E
                0x20000128        0x4 obj/anain.o
                0x20000128                AnaIn::GP_analog2
 .bss._ZN5AnaIn10GP_analog1E
                0x2000012c        0x4 obj/anain.o
                0x2000012c                AnaIn::GP_analog1
 .bss._ZN5AnaIn6valuesE
                0x20000130       0x48 obj/anain.o
                0x20000130                AnaIn::values
 .bss._ZN5AnaIn13channel_arrayE
                0x20000178        0x3 obj/anain.o
                0x20000178                AnaIn::channel_array
 *fill*         0x2000017b        0x1 
 .bss._ZN12ErrorMessage8timeTickE
                0x2000017c        0x4 obj/errormessage.o
                0x2000017c                ErrorMessage::timeTick
 .bss._ZN8Stm32Can10interfacesE
                0x20000180        0x8 obj/stm32_can.o
                0x20000180                Stm32Can::interfaces
 .bss._ZN6CanMap8isSavingE
                0x20000188        0x1 obj/canmap.o
                0x20000188                CanMap::isSaving
 *fill*         0x20000189        0x3 
 .bss._ZN16TerminalCommands6canMapE
                0x2000018c        0x4 obj/terminalcommands.o
                0x2000018c                TerminalCommands::canMap
 .bss._ZL7curTerm
                0x20000190        0x4 obj/terminalcommands.o
 *(COMMON)
                0x20000194                        . = ALIGN (0x4)
                0x20000194                        _ebss = .

/DISCARD/
 *(.eh_frame)
                0x20000194                        . = ALIGN (0x4)
                0x20000194                        end = .
                0x20005000                        PROVIDE (_stack = (ORIGIN (ram) + LENGTH (ram)))
OUTPUT(RaVus-Sys elf32-littlearm)
LOAD linker stubs

.debug_info     0x00000000    0x19fcb
 .debug_info    0x00000000     0x4982 obj/main.o
 .debug_info    0x00004982      0xec7 obj/hwinit.o
 .debug_info    0x00005849      0x641 obj/stm32scheduler.o
 .debug_info    0x00005e8a      0x923 obj/params.o
 .debug_info    0x000067ad     0x171d obj/terminal.o
 .debug_info    0x00007eca      0x683 obj/terminal_prj.o
 .debug_info    0x0000854d      0x373 obj/digio.o
 .debug_info    0x000088c0      0xb4a obj/printf.o
 .debug_info    0x0000940a      0x991 obj/anain.o
 .debug_info    0x00009d9b      0x76f obj/param_save.o
 .debug_info    0x0000a50a      0x483 obj/errormessage.o
 .debug_info    0x0000a98d     0x14dd obj/stm32_can.o
 .debug_info    0x0000be6a      0x7dd obj/canhardware.o
 .debug_info    0x0000c647     0x253b obj/canmap.o
 .debug_info    0x0000eb82     0x1aee obj/terminalcommands.o
 .debug_info    0x00010670      0x91c obj/digipot.o
 .debug_info    0x00010f8c     0x14d9 obj/cansdo.o
 .debug_info    0x00012465      0x397 libopencm3/lib\libopencm3_stm32f1.a(adc.o)
 .debug_info    0x000127fc      0x888 libopencm3/lib\libopencm3_stm32f1.a(adc_common_v1.o)
 .debug_info    0x00013084      0xbaf libopencm3/lib\libopencm3_stm32f1.a(can.o)
 .debug_info    0x00013c33      0x119 libopencm3/lib\libopencm3_stm32f1.a(crc_common_all.o)
 .debug_info    0x00013d4c       0xe8 libopencm3/lib\libopencm3_stm32f1.a(desig_common_v1.o)
 .debug_info    0x00013e34      0x781 libopencm3/lib\libopencm3_stm32f1.a(dma_common_l1f013.o)
 .debug_info    0x000145b5      0x35e libopencm3/lib\libopencm3_stm32f1.a(flash.o)
 .debug_info    0x00014913       0xf1 libopencm3/lib\libopencm3_stm32f1.a(flash_common_all.o)
 .debug_info    0x00014a04       0xb9 libopencm3/lib\libopencm3_stm32f1.a(flash_common_f.o)
 .debug_info    0x00014abd      0x20d libopencm3/lib\libopencm3_stm32f1.a(flash_common_f01.o)
 .debug_info    0x00014cca      0x1f8 libopencm3/lib\libopencm3_stm32f1.a(gpio.o)
 .debug_info    0x00014ec2      0x256 libopencm3/lib\libopencm3_stm32f1.a(gpio_common_all.o)
 .debug_info    0x00015118      0x177 libopencm3/lib\libopencm3_stm32f1.a(iwdg_common_all.o)
 .debug_info    0x0001528f     0x14d0 libopencm3/lib\libopencm3_stm32f1.a(rcc.o)
 .debug_info    0x0001675f      0x60d libopencm3/lib\libopencm3_stm32f1.a(rcc_common_all.o)
 .debug_info    0x00016d6c      0x6e9 libopencm3/lib\libopencm3_stm32f1.a(rtc.o)
 .debug_info    0x00017455      0x96c libopencm3/lib\libopencm3_stm32f1.a(spi_common_all.o)
 .debug_info    0x00017dc1      0x155 libopencm3/lib\libopencm3_stm32f1.a(spi_common_v1.o)
 .debug_info    0x00017f16      0xff0 libopencm3/lib\libopencm3_stm32f1.a(timer_common_all.o)
 .debug_info    0x00018f06      0x582 libopencm3/lib\libopencm3_stm32f1.a(usart_common_all.o)
 .debug_info    0x00019488      0x192 libopencm3/lib\libopencm3_stm32f1.a(usart_common_f124.o)
 .debug_info    0x0001961a      0x2c4 libopencm3/lib\libopencm3_stm32f1.a(vector.o)
 .debug_info    0x000198de       0xdb libopencm3/lib\libopencm3_stm32f1.a(scb.o)
 .debug_info    0x000199b9      0x239 libopencm3/lib\libopencm3_stm32f1.a(nvic.o)
 .debug_info    0x00019bf2      0x1a1 libopencm3/lib\libopencm3_stm32f1.a(pwr_common_v1.o)
 .debug_info    0x00019d93       0xca C:/msys64/mingw64/bin/../lib/gcc/arm-none-eabi/13.3.0/thumb/v7/nofp\libgcc.a(_arm_addsubsf3.o)
 .debug_info    0x00019e5d       0x57 C:/msys64/mingw64/bin/../lib/gcc/arm-none-eabi/13.3.0/thumb/v7/nofp\libgcc.a(_arm_muldivsf3.o)
 .debug_info    0x00019eb4       0xdb C:/msys64/mingw64/bin/../lib/gcc/arm-none-eabi/13.3.0/thumb/v7/nofp\libgcc.a(_arm_cmpsf2.o)
 .debug_info    0x00019f8f       0x3c C:/msys64/mingw64/bin/../lib/gcc/arm-none-eabi/13.3.0/thumb/v7/nofp\libgcc.a(_arm_fixsfsi.o)

.debug_abbrev   0x00000000     0x5da6
 .debug_abbrev  0x00000000      0x83b obj/main.o
 .debug_abbrev  0x0000083b      0x27e obj/hwinit.o
 .debug_abbrev  0x00000ab9      0x27a obj/stm32scheduler.o
 .debug_abbrev  0x00000d33      0x265 obj/params.o
 .debug_abbrev  0x00000f98      0x4bf obj/terminal.o
 .debug_abbrev  0x00001457      0x246 obj/terminal_prj.o
 .debug_abbrev  0x0000169d      0x1e3 obj/digio.o
 .debug_abbrev  0x00001880      0x384 obj/printf.o
 .debug_abbrev  0x00001c04      0x332 obj/anain.o
 .debug_abbrev  0x00001f36      0x25e obj/param_save.o
 .debug_abbrev  0x00002194      0x267 obj/errormessage.o
 .debug_abbrev  0x000023fb      0x499 obj/stm32_can.o
 .debug_abbrev  0x00002894      0x342 obj/canhardware.o
 .debug_abbrev  0x00002bd6      0x691 obj/canmap.o
 .debug_abbrev  0x00003267      0x403 obj/terminalcommands.o
 .debug_abbrev  0x0000366a      0x25f obj/digipot.o
 .debug_abbrev  0x000038c9      0x523 obj/cansdo.o
 .debug_abbrev  0x00003dec      0x195 libopencm3/lib\libopencm3_stm32f1.a(adc.o)
 .debug_abbrev  0x00003f81      0x1ab libopencm3/lib\libopencm3_stm32f1.a(adc_common_v1.o)
 .debug_abbrev  0x0000412c      0x2bd libopencm3/lib\libopencm3_stm32f1.a(can.o)
 .debug_abbrev  0x000043e9       0xb6 libopencm3/lib\libopencm3_stm32f1.a(crc_common_all.o)
 .debug_abbrev  0x0000449f       0x8e libopencm3/lib\libopencm3_stm32f1.a(desig_common_v1.o)
 .debug_abbrev  0x0000452d      0x168 libopencm3/lib\libopencm3_stm32f1.a(dma_common_l1f013.o)
 .debug_abbrev  0x00004695      0x1a2 libopencm3/lib\libopencm3_stm32f1.a(flash.o)
 .debug_abbrev  0x00004837       0x96 libopencm3/lib\libopencm3_stm32f1.a(flash_common_all.o)
 .debug_abbrev  0x000048cd       0x56 libopencm3/lib\libopencm3_stm32f1.a(flash_common_f.o)
 .debug_abbrev  0x00004923       0xf5 libopencm3/lib\libopencm3_stm32f1.a(flash_common_f01.o)
 .debug_abbrev  0x00004a18       0xd2 libopencm3/lib\libopencm3_stm32f1.a(gpio.o)
 .debug_abbrev  0x00004aea      0x115 libopencm3/lib\libopencm3_stm32f1.a(gpio_common_all.o)
 .debug_abbrev  0x00004bff      0x10e libopencm3/lib\libopencm3_stm32f1.a(iwdg_common_all.o)
 .debug_abbrev  0x00004d0d      0x2be libopencm3/lib\libopencm3_stm32f1.a(rcc.o)
 .debug_abbrev  0x00004fcb      0x185 libopencm3/lib\libopencm3_stm32f1.a(rcc_common_all.o)
 .debug_abbrev  0x00005150      0x20e libopencm3/lib\libopencm3_stm32f1.a(rtc.o)
 .debug_abbrev  0x0000535e      0x1e7 libopencm3/lib\libopencm3_stm32f1.a(spi_common_all.o)
 .debug_abbrev  0x00005545       0xd3 libopencm3/lib\libopencm3_stm32f1.a(spi_common_v1.o)
 .debug_abbrev  0x00005618      0x1ae libopencm3/lib\libopencm3_stm32f1.a(timer_common_all.o)
 .debug_abbrev  0x000057c6      0x164 libopencm3/lib\libopencm3_stm32f1.a(usart_common_all.o)
 .debug_abbrev  0x0000592a       0xb6 libopencm3/lib\libopencm3_stm32f1.a(usart_common_f124.o)
 .debug_abbrev  0x000059e0      0x149 libopencm3/lib\libopencm3_stm32f1.a(vector.o)
 .debug_abbrev  0x00005b29       0x88 libopencm3/lib\libopencm3_stm32f1.a(scb.o)
 .debug_abbrev  0x00005bb1       0xb6 libopencm3/lib\libopencm3_stm32f1.a(nvic.o)
 .debug_abbrev  0x00005c67       0x9f libopencm3/lib\libopencm3_stm32f1.a(pwr_common_v1.o)
 .debug_abbrev  0x00005d06       0x28 C:/msys64/mingw64/bin/../lib/gcc/arm-none-eabi/13.3.0/thumb/v7/nofp\libgcc.a(_arm_addsubsf3.o)
 .debug_abbrev  0x00005d2e       0x28 C:/msys64/mingw64/bin/../lib/gcc/arm-none-eabi/13.3.0/thumb/v7/nofp\libgcc.a(_arm_muldivsf3.o)
 .debug_abbrev  0x00005d56       0x28 C:/msys64/mingw64/bin/../lib/gcc/arm-none-eabi/13.3.0/thumb/v7/nofp\libgcc.a(_arm_cmpsf2.o)
 .debug_abbrev  0x00005d7e       0x28 C:/msys64/mingw64/bin/../lib/gcc/arm-none-eabi/13.3.0/thumb/v7/nofp\libgcc.a(_arm_fixsfsi.o)

.debug_loclists
                0x00000000     0x6cd7
 .debug_loclists
                0x00000000      0x410 obj/main.o
 .debug_loclists
                0x00000410       0x76 obj/hwinit.o
 .debug_loclists
                0x00000486      0x152 obj/stm32scheduler.o
 .debug_loclists
                0x000005d8      0x2f5 obj/params.o
 .debug_loclists
                0x000008cd      0x5a9 obj/terminal.o
 .debug_loclists
                0x00000e76       0xfb obj/terminal_prj.o
 .debug_loclists
                0x00000f71      0x245 obj/digio.o
 .debug_loclists
                0x000011b6      0x5cd obj/printf.o
 .debug_loclists
                0x00001783      0x24b obj/anain.o
 .debug_loclists
                0x000019ce      0x118 obj/param_save.o
 .debug_loclists
                0x00001ae6       0x6d obj/errormessage.o
 .debug_loclists
                0x00001b53      0x35a obj/stm32_can.o
 .debug_loclists
                0x00001ead      0x1aa obj/canhardware.o
 .debug_loclists
                0x00002057     0x155e obj/canmap.o
 .debug_loclists
                0x000035b5      0x984 obj/terminalcommands.o
 .debug_loclists
                0x00003f39      0x124 obj/digipot.o
 .debug_loclists
                0x0000405d      0x8aa obj/cansdo.o
 .debug_loclists
                0x00004907      0x164 libopencm3/lib\libopencm3_stm32f1.a(adc.o)
 .debug_loclists
                0x00004a6b      0x325 libopencm3/lib\libopencm3_stm32f1.a(adc_common_v1.o)
 .debug_loclists
                0x00004d90      0x7c7 libopencm3/lib\libopencm3_stm32f1.a(can.o)
 .debug_loclists
                0x00005557       0x6a libopencm3/lib\libopencm3_stm32f1.a(crc_common_all.o)
 .debug_loclists
                0x000055c1       0x2b libopencm3/lib\libopencm3_stm32f1.a(desig_common_v1.o)
 .debug_loclists
                0x000055ec      0x6a9 libopencm3/lib\libopencm3_stm32f1.a(dma_common_l1f013.o)
 .debug_loclists
                0x00005c95       0x82 libopencm3/lib\libopencm3_stm32f1.a(flash.o)
 .debug_loclists
                0x00005d17       0x17 libopencm3/lib\libopencm3_stm32f1.a(flash_common_all.o)
 .debug_loclists
                0x00005d2e       0xa5 libopencm3/lib\libopencm3_stm32f1.a(flash_common_f01.o)
 .debug_loclists
                0x00005dd3       0xd5 libopencm3/lib\libopencm3_stm32f1.a(gpio.o)
 .debug_loclists
                0x00005ea8       0x96 libopencm3/lib\libopencm3_stm32f1.a(gpio_common_all.o)
 .debug_loclists
                0x00005f3e       0x9d libopencm3/lib\libopencm3_stm32f1.a(iwdg_common_all.o)
 .debug_loclists
                0x00005fdb      0x2cb libopencm3/lib\libopencm3_stm32f1.a(rcc.o)
 .debug_loclists
                0x000062a6       0x87 libopencm3/lib\libopencm3_stm32f1.a(rcc_common_all.o)
 .debug_loclists
                0x0000632d      0x1d9 libopencm3/lib\libopencm3_stm32f1.a(rtc.o)
 .debug_loclists
                0x00006506      0x145 libopencm3/lib\libopencm3_stm32f1.a(spi_common_all.o)
 .debug_loclists
                0x0000664b       0xc9 libopencm3/lib\libopencm3_stm32f1.a(spi_common_v1.o)
 .debug_loclists
                0x00006714      0x220 libopencm3/lib\libopencm3_stm32f1.a(timer_common_all.o)
 .debug_loclists
                0x00006934      0x10e libopencm3/lib\libopencm3_stm32f1.a(usart_common_all.o)
 .debug_loclists
                0x00006a42       0x79 libopencm3/lib\libopencm3_stm32f1.a(usart_common_f124.o)
 .debug_loclists
                0x00006abb       0xe2 libopencm3/lib\libopencm3_stm32f1.a(vector.o)
 .debug_loclists
                0x00006b9d       0x29 libopencm3/lib\libopencm3_stm32f1.a(scb.o)
 .debug_loclists
                0x00006bc6      0x111 libopencm3/lib\libopencm3_stm32f1.a(nvic.o)

.debug_aranges  0x00000000     0x1648
 .debug_aranges
                0x00000000       0xa0 obj/main.o
 .debug_aranges
                0x000000a0       0x50 obj/hwinit.o
 .debug_aranges
                0x000000f0       0x38 obj/stm32scheduler.o
 .debug_aranges
                0x00000128       0xa8 obj/params.o
 .debug_aranges
                0x000001d0       0xa0 obj/terminal.o
 .debug_aranges
                0x00000270       0x40 obj/terminal_prj.o
 .debug_aranges
                0x000002b0       0x20 obj/digio.o
 .debug_aranges
                0x000002d0       0x60 obj/printf.o
 .debug_aranges
                0x00000330       0x50 obj/anain.o
 .debug_aranges
                0x00000380       0x30 obj/param_save.o
 .debug_aranges
                0x000003b0       0x50 obj/errormessage.o
 .debug_aranges
                0x00000400       0x98 obj/stm32_can.o
 .debug_aranges
                0x00000498       0x50 obj/canhardware.o
 .debug_aranges
                0x000004e8       0xe0 obj/canmap.o
 .debug_aranges
                0x000005c8       0x78 obj/terminalcommands.o
 .debug_aranges
                0x00000640       0x38 obj/digipot.o
 .debug_aranges
                0x00000678       0x88 obj/cansdo.o
 .debug_aranges
                0x00000700       0x98 libopencm3/lib\libopencm3_stm32f1.a(adc.o)
 .debug_aranges
                0x00000798      0x158 libopencm3/lib\libopencm3_stm32f1.a(adc_common_v1.o)
 .debug_aranges
                0x000008f0       0x88 libopencm3/lib\libopencm3_stm32f1.a(can.o)
 .debug_aranges
                0x00000978       0x30 libopencm3/lib\libopencm3_stm32f1.a(crc_common_all.o)
 .debug_aranges
                0x000009a8       0x28 libopencm3/lib\libopencm3_stm32f1.a(desig_common_v1.o)
 .debug_aranges
                0x000009d0       0xe8 libopencm3/lib\libopencm3_stm32f1.a(dma_common_l1f013.o)
 .debug_aranges
                0x00000ab8       0x80 libopencm3/lib\libopencm3_stm32f1.a(flash.o)
 .debug_aranges
                0x00000b38       0x38 libopencm3/lib\libopencm3_stm32f1.a(flash_common_all.o)
 .debug_aranges
                0x00000b70       0x30 libopencm3/lib\libopencm3_stm32f1.a(flash_common_f.o)
 .debug_aranges
                0x00000ba0       0x48 libopencm3/lib\libopencm3_stm32f1.a(flash_common_f01.o)
 .debug_aranges
                0x00000be8       0x38 libopencm3/lib\libopencm3_stm32f1.a(gpio.o)
 .debug_aranges
                0x00000c20       0x50 libopencm3/lib\libopencm3_stm32f1.a(gpio_common_all.o)
 .debug_aranges
                0x00000c70       0x40 libopencm3/lib\libopencm3_stm32f1.a(iwdg_common_all.o)
 .debug_aranges
                0x00000cb0      0x170 libopencm3/lib\libopencm3_stm32f1.a(rcc.o)
 .debug_aranges
                0x00000e20       0x80 libopencm3/lib\libopencm3_stm32f1.a(rcc_common_all.o)
 .debug_aranges
                0x00000ea0       0xa0 libopencm3/lib\libopencm3_stm32f1.a(rtc.o)
 .debug_aranges
                0x00000f40      0x178 libopencm3/lib\libopencm3_stm32f1.a(spi_common_all.o)
 .debug_aranges
                0x000010b8       0x30 libopencm3/lib\libopencm3_stm32f1.a(spi_common_v1.o)
 .debug_aranges
                0x000010e8      0x278 libopencm3/lib\libopencm3_stm32f1.a(timer_common_all.o)
 .debug_aranges
                0x00001360       0xd8 libopencm3/lib\libopencm3_stm32f1.a(usart_common_all.o)
 .debug_aranges
                0x00001438       0x40 libopencm3/lib\libopencm3_stm32f1.a(usart_common_f124.o)
 .debug_aranges
                0x00001478       0x30 libopencm3/lib\libopencm3_stm32f1.a(vector.o)
 .debug_aranges
                0x000014a8       0x30 libopencm3/lib\libopencm3_stm32f1.a(scb.o)
 .debug_aranges
                0x000014d8       0x60 libopencm3/lib\libopencm3_stm32f1.a(nvic.o)
 .debug_aranges
                0x00001538       0x90 libopencm3/lib\libopencm3_stm32f1.a(pwr_common_v1.o)
 .debug_aranges
                0x000015c8       0x20 C:/msys64/mingw64/bin/../lib/gcc/arm-none-eabi/13.3.0/thumb/v7/nofp\libgcc.a(_arm_addsubsf3.o)
 .debug_aranges
                0x000015e8       0x20 C:/msys64/mingw64/bin/../lib/gcc/arm-none-eabi/13.3.0/thumb/v7/nofp\libgcc.a(_arm_muldivsf3.o)
 .debug_aranges
                0x00001608       0x20 C:/msys64/mingw64/bin/../lib/gcc/arm-none-eabi/13.3.0/thumb/v7/nofp\libgcc.a(_arm_cmpsf2.o)
 .debug_aranges
                0x00001628       0x20 C:/msys64/mingw64/bin/../lib/gcc/arm-none-eabi/13.3.0/thumb/v7/nofp\libgcc.a(_arm_fixsfsi.o)

.debug_rnglists
                0x00000000     0x12c2
 .debug_rnglists
                0x00000000       0x82 obj/main.o
 .debug_rnglists
                0x00000082       0x3b obj/hwinit.o
 .debug_rnglists
                0x000000bd       0x3d obj/stm32scheduler.o
 .debug_rnglists
                0x000000fa       0x9d obj/params.o
 .debug_rnglists
                0x00000197       0x85 obj/terminal.o
 .debug_rnglists
                0x0000021c       0x2b obj/terminal_prj.o
 .debug_rnglists
                0x00000247       0x14 obj/digio.o
 .debug_rnglists
                0x0000025b       0x55 obj/printf.o
 .debug_rnglists
                0x000002b0       0x45 obj/anain.o
 .debug_rnglists
                0x000002f5       0x38 obj/param_save.o
 .debug_rnglists
                0x0000032d       0x43 obj/errormessage.o
 .debug_rnglists
                0x00000370       0x7c obj/stm32_can.o
 .debug_rnglists
                0x000003ec       0x37 obj/canhardware.o
 .debug_rnglists
                0x00000423      0x222 obj/canmap.o
 .debug_rnglists
                0x00000645       0xc0 obj/terminalcommands.o
 .debug_rnglists
                0x00000705       0x25 obj/digipot.o
 .debug_rnglists
                0x0000072a       0x9c obj/cansdo.o
 .debug_rnglists
                0x000007c6       0x6d libopencm3/lib\libopencm3_stm32f1.a(adc.o)
 .debug_rnglists
                0x00000833       0xfd libopencm3/lib\libopencm3_stm32f1.a(adc_common_v1.o)
 .debug_rnglists
                0x00000930       0x65 libopencm3/lib\libopencm3_stm32f1.a(can.o)
 .debug_rnglists
                0x00000995       0x1f libopencm3/lib\libopencm3_stm32f1.a(crc_common_all.o)
 .debug_rnglists
                0x000009b4       0x19 libopencm3/lib\libopencm3_stm32f1.a(desig_common_v1.o)
 .debug_rnglists
                0x000009cd       0xa9 libopencm3/lib\libopencm3_stm32f1.a(dma_common_l1f013.o)
 .debug_rnglists
                0x00000a76       0x5b libopencm3/lib\libopencm3_stm32f1.a(flash.o)
 .debug_rnglists
                0x00000ad1       0x25 libopencm3/lib\libopencm3_stm32f1.a(flash_common_all.o)
 .debug_rnglists
                0x00000af6       0x1f libopencm3/lib\libopencm3_stm32f1.a(flash_common_f.o)
 .debug_rnglists
                0x00000b15       0x31 libopencm3/lib\libopencm3_stm32f1.a(flash_common_f01.o)
 .debug_rnglists
                0x00000b46       0x25 libopencm3/lib\libopencm3_stm32f1.a(gpio.o)
 .debug_rnglists
                0x00000b6b       0x37 libopencm3/lib\libopencm3_stm32f1.a(gpio_common_all.o)
 .debug_rnglists
                0x00000ba2       0x37 libopencm3/lib\libopencm3_stm32f1.a(iwdg_common_all.o)
 .debug_rnglists
                0x00000bd9      0x160 libopencm3/lib\libopencm3_stm32f1.a(rcc.o)
 .debug_rnglists
                0x00000d39       0x5b libopencm3/lib\libopencm3_stm32f1.a(rcc_common_all.o)
 .debug_rnglists
                0x00000d94       0x73 libopencm3/lib\libopencm3_stm32f1.a(rtc.o)
 .debug_rnglists
                0x00000e07      0x115 libopencm3/lib\libopencm3_stm32f1.a(spi_common_all.o)
 .debug_rnglists
                0x00000f1c       0x1f libopencm3/lib\libopencm3_stm32f1.a(spi_common_v1.o)
 .debug_rnglists
                0x00000f3b      0x1d6 libopencm3/lib\libopencm3_stm32f1.a(timer_common_all.o)
 .debug_rnglists
                0x00001111       0x9d libopencm3/lib\libopencm3_stm32f1.a(usart_common_all.o)
 .debug_rnglists
                0x000011ae       0x2b libopencm3/lib\libopencm3_stm32f1.a(usart_common_f124.o)
 .debug_rnglists
                0x000011d9       0x20 libopencm3/lib\libopencm3_stm32f1.a(vector.o)
 .debug_rnglists
                0x000011f9       0x1f libopencm3/lib\libopencm3_stm32f1.a(scb.o)
 .debug_rnglists
                0x00001218       0x43 libopencm3/lib\libopencm3_stm32f1.a(nvic.o)
 .debug_rnglists
                0x0000125b       0x67 libopencm3/lib\libopencm3_stm32f1.a(pwr_common_v1.o)

.debug_macro    0x00000000     0xbc07
 .debug_macro   0x00000000      0x3e5 obj/main.o
 .debug_macro   0x000003e5      0xb62 obj/main.o
 .debug_macro   0x00000f47       0x1c obj/main.o
 .debug_macro   0x00000f63       0x22 obj/main.o
 .debug_macro   0x00000f85       0x56 obj/main.o
 .debug_macro   0x00000fdb       0x51 obj/main.o
 .debug_macro   0x0000102c      0x103 obj/main.o
 .debug_macro   0x0000112f       0x6a obj/main.o
 .debug_macro   0x00001199      0x1df obj/main.o
 .debug_macro   0x00001378       0x1c obj/main.o
 .debug_macro   0x00001394       0x16 obj/main.o
 .debug_macro   0x000013aa       0xe8 obj/main.o
 .debug_macro   0x00001492       0x76 obj/main.o
 .debug_macro   0x00001508      0x1b4 obj/main.o
 .debug_macro   0x000016bc       0x94 obj/main.o
 .debug_macro   0x00001750      0x29e obj/main.o
 .debug_macro   0x000019ee      0xf8f obj/main.o
 .debug_macro   0x0000297d       0x8e obj/main.o
 .debug_macro   0x00002a0b      0x8c6 obj/main.o
 .debug_macro   0x000032d1       0x76 obj/main.o
 .debug_macro   0x00003347      0x519 obj/main.o
 .debug_macro   0x00003860       0x70 obj/main.o
 .debug_macro   0x000038d0       0x16 obj/main.o
 .debug_macro   0x000038e6       0x40 obj/main.o
 .debug_macro   0x00003926       0x58 obj/main.o
 .debug_macro   0x0000397e       0x28 obj/main.o
 .debug_macro   0x000039a6       0x40 obj/main.o
 .debug_macro   0x000039e6       0x10 obj/main.o
 .debug_macro   0x000039f6       0x3a obj/main.o
 .debug_macro   0x00003a30       0x76 obj/main.o
 .debug_macro   0x00003aa6      0xe04 obj/main.o
 .debug_macro   0x000048aa       0x1c obj/main.o
 .debug_macro   0x000048c6       0x1c obj/main.o
 .debug_macro   0x000048e2       0x2e obj/main.o
 .debug_macro   0x00004910       0x46 obj/main.o
 .debug_macro   0x00004956      0x1f2 obj/main.o
 .debug_macro   0x00004b48       0x10 obj/main.o
 .debug_macro   0x00004b58      0x456 obj/main.o
 .debug_macro   0x00004fae       0x18 obj/main.o
 .debug_macro   0x00004fc6       0x74 obj/main.o
 .debug_macro   0x0000503a       0x24 obj/main.o
 .debug_macro   0x0000505e       0x3c obj/main.o
 .debug_macro   0x0000509a       0x34 obj/main.o
 .debug_macro   0x000050ce      0x197 obj/main.o
 .debug_macro   0x00005265      0x38c obj/main.o
 .debug_macro   0x000055f1       0x16 obj/main.o
 .debug_macro   0x00005607       0x4a obj/main.o
 .debug_macro   0x00005651       0x34 obj/main.o
 .debug_macro   0x00005685       0x10 obj/main.o
 .debug_macro   0x00005695       0x58 obj/main.o
 .debug_macro   0x000056ed      0x1e5 obj/main.o
 .debug_macro   0x000058d2       0xe5 obj/main.o
 .debug_macro   0x000059b7       0x10 obj/main.o
 .debug_macro   0x000059c7       0x16 obj/main.o
 .debug_macro   0x000059dd       0x3c obj/main.o
 .debug_macro   0x00005a19       0x22 obj/main.o
 .debug_macro   0x00005a3b       0x10 obj/main.o
 .debug_macro   0x00005a4b      0x3c7 obj/main.o
 .debug_macro   0x00005e12       0x16 obj/main.o
 .debug_macro   0x00005e28       0x10 obj/main.o
 .debug_macro   0x00005e38       0x16 obj/main.o
 .debug_macro   0x00005e4e      0x2eb obj/main.o
 .debug_macro   0x00006139       0x16 obj/main.o
 .debug_macro   0x0000614f      0x269 obj/hwinit.o
 .debug_macro   0x000063b8       0x68 obj/hwinit.o
 .debug_macro   0x00006420      0x1a2 obj/hwinit.o
 .debug_macro   0x000065c2      0x39b obj/hwinit.o
 .debug_macro   0x0000695d      0x1ba obj/hwinit.o
 .debug_macro   0x00006b17      0x449 obj/hwinit.o
 .debug_macro   0x00006f60      0x456 obj/hwinit.o
 .debug_macro   0x000073b6      0x4f5 obj/hwinit.o
 .debug_macro   0x000078ab       0x1c obj/hwinit.o
 .debug_macro   0x000078c7       0xee obj/hwinit.o
 .debug_macro   0x000079b5       0x82 obj/hwinit.o
 .debug_macro   0x00007a37       0x2e obj/hwinit.o
 .debug_macro   0x00007a65       0x1c obj/hwinit.o
 .debug_macro   0x00007a81       0xe0 obj/stm32scheduler.o
 .debug_macro   0x00007b61      0x159 obj/params.o
 .debug_macro   0x00007cba       0x52 obj/params.o
 .debug_macro   0x00007d0c      0x126 obj/terminal.o